Archive member included to satisfy reference by file (symbol)

C:/ST/STM32CubeIDE_1.13.2/STM32CubeIDE/plugins/com.st.stm32cube.ide.mcu.externaltools.gnu-tools-for-stm32.11.3.rel1.win32_1.1.1.202309131626/tools/bin/../lib/gcc/arm-none-eabi/11.3.1/../../../../arm-none-eabi/lib/thumb/v7-m/nofp\libc_nano.a(libc_a-exit.o)
                              C:/ST/STM32CubeIDE_1.13.2/STM32CubeIDE/plugins/com.st.stm32cube.ide.mcu.externaltools.gnu-tools-for-stm32.11.3.rel1.win32_1.1.1.202309131626/tools/bin/../lib/gcc/arm-none-eabi/11.3.1/../../../../arm-none-eabi/lib/thumb/v7-m/nofp/crt0.o (exit)
C:/ST/STM32CubeIDE_1.13.2/STM32CubeIDE/plugins/com.st.stm32cube.ide.mcu.externaltools.gnu-tools-for-stm32.11.3.rel1.win32_1.1.1.202309131626/tools/bin/../lib/gcc/arm-none-eabi/11.3.1/../../../../arm-none-eabi/lib/thumb/v7-m/nofp\libc_nano.a(libc_a-findfp.o)
                              C:/ST/STM32CubeIDE_1.13.2/STM32CubeIDE/plugins/com.st.stm32cube.ide.mcu.externaltools.gnu-tools-for-stm32.11.3.rel1.win32_1.1.1.202309131626/tools/bin/../lib/gcc/arm-none-eabi/11.3.1/../../../../arm-none-eabi/lib/thumb/v7-m/nofp\libc_nano.a(libc_a-exit.o) (__stdio_exit_handler)
C:/ST/STM32CubeIDE_1.13.2/STM32CubeIDE/plugins/com.st.stm32cube.ide.mcu.externaltools.gnu-tools-for-stm32.11.3.rel1.win32_1.1.1.202309131626/tools/bin/../lib/gcc/arm-none-eabi/11.3.1/../../../../arm-none-eabi/lib/thumb/v7-m/nofp\libc_nano.a(libc_a-fwalk.o)
                              C:/ST/STM32CubeIDE_1.13.2/STM32CubeIDE/plugins/com.st.stm32cube.ide.mcu.externaltools.gnu-tools-for-stm32.11.3.rel1.win32_1.1.1.202309131626/tools/bin/../lib/gcc/arm-none-eabi/11.3.1/../../../../arm-none-eabi/lib/thumb/v7-m/nofp\libc_nano.a(libc_a-findfp.o) (_fwalk_sglue)
C:/ST/STM32CubeIDE_1.13.2/STM32CubeIDE/plugins/com.st.stm32cube.ide.mcu.externaltools.gnu-tools-for-stm32.11.3.rel1.win32_1.1.1.202309131626/tools/bin/../lib/gcc/arm-none-eabi/11.3.1/../../../../arm-none-eabi/lib/thumb/v7-m/nofp\libc_nano.a(libc_a-sprintf.o)
                              ./Core/Src/LCD20x4.o (sprintf)
C:/ST/STM32CubeIDE_1.13.2/STM32CubeIDE/plugins/com.st.stm32cube.ide.mcu.externaltools.gnu-tools-for-stm32.11.3.rel1.win32_1.1.1.202309131626/tools/bin/../lib/gcc/arm-none-eabi/11.3.1/../../../../arm-none-eabi/lib/thumb/v7-m/nofp\libc_nano.a(libc_a-stdio.o)
                              C:/ST/STM32CubeIDE_1.13.2/STM32CubeIDE/plugins/com.st.stm32cube.ide.mcu.externaltools.gnu-tools-for-stm32.11.3.rel1.win32_1.1.1.202309131626/tools/bin/../lib/gcc/arm-none-eabi/11.3.1/../../../../arm-none-eabi/lib/thumb/v7-m/nofp\libc_nano.a(libc_a-findfp.o) (__sread)
C:/ST/STM32CubeIDE_1.13.2/STM32CubeIDE/plugins/com.st.stm32cube.ide.mcu.externaltools.gnu-tools-for-stm32.11.3.rel1.win32_1.1.1.202309131626/tools/bin/../lib/gcc/arm-none-eabi/11.3.1/../../../../arm-none-eabi/lib/thumb/v7-m/nofp\libc_nano.a(libc_a-memset.o)
                              C:/ST/STM32CubeIDE_1.13.2/STM32CubeIDE/plugins/com.st.stm32cube.ide.mcu.externaltools.gnu-tools-for-stm32.11.3.rel1.win32_1.1.1.202309131626/tools/bin/../lib/gcc/arm-none-eabi/11.3.1/../../../../arm-none-eabi/lib/thumb/v7-m/nofp/crt0.o (memset)
C:/ST/STM32CubeIDE_1.13.2/STM32CubeIDE/plugins/com.st.stm32cube.ide.mcu.externaltools.gnu-tools-for-stm32.11.3.rel1.win32_1.1.1.202309131626/tools/bin/../lib/gcc/arm-none-eabi/11.3.1/../../../../arm-none-eabi/lib/thumb/v7-m/nofp\libc_nano.a(libc_a-closer.o)
                              C:/ST/STM32CubeIDE_1.13.2/STM32CubeIDE/plugins/com.st.stm32cube.ide.mcu.externaltools.gnu-tools-for-stm32.11.3.rel1.win32_1.1.1.202309131626/tools/bin/../lib/gcc/arm-none-eabi/11.3.1/../../../../arm-none-eabi/lib/thumb/v7-m/nofp\libc_nano.a(libc_a-stdio.o) (_close_r)
C:/ST/STM32CubeIDE_1.13.2/STM32CubeIDE/plugins/com.st.stm32cube.ide.mcu.externaltools.gnu-tools-for-stm32.11.3.rel1.win32_1.1.1.202309131626/tools/bin/../lib/gcc/arm-none-eabi/11.3.1/../../../../arm-none-eabi/lib/thumb/v7-m/nofp\libc_nano.a(libc_a-reent.o)
                              C:/ST/STM32CubeIDE_1.13.2/STM32CubeIDE/plugins/com.st.stm32cube.ide.mcu.externaltools.gnu-tools-for-stm32.11.3.rel1.win32_1.1.1.202309131626/tools/bin/../lib/gcc/arm-none-eabi/11.3.1/../../../../arm-none-eabi/lib/thumb/v7-m/nofp\libc_nano.a(libc_a-closer.o) (errno)
C:/ST/STM32CubeIDE_1.13.2/STM32CubeIDE/plugins/com.st.stm32cube.ide.mcu.externaltools.gnu-tools-for-stm32.11.3.rel1.win32_1.1.1.202309131626/tools/bin/../lib/gcc/arm-none-eabi/11.3.1/../../../../arm-none-eabi/lib/thumb/v7-m/nofp\libc_nano.a(libc_a-impure.o)
                              C:/ST/STM32CubeIDE_1.13.2/STM32CubeIDE/plugins/com.st.stm32cube.ide.mcu.externaltools.gnu-tools-for-stm32.11.3.rel1.win32_1.1.1.202309131626/tools/bin/../lib/gcc/arm-none-eabi/11.3.1/../../../../arm-none-eabi/lib/thumb/v7-m/nofp\libc_nano.a(libc_a-sprintf.o) (_impure_ptr)
[...]
Memory Configuration

Name             Origin             Length             Attributes
RAM              0x0000000020000000 0x0000000000005000 xrw
FLASH            0x0000000008000000 0x0000000000010000 xr
*default*        0x0000000000000000 0xffffffffffffffff

Linker script and memory map

LOAD C:/ST/STM32CubeIDE_1.13.2/STM32CubeIDE/plugins/com.st.stm32cube.ide.mcu.externaltools.gnu-tools-for-stm32.11.3.rel1.win32_1.1.1.202309131626/tools/bin/../lib/gcc/arm-none-eabi/11.3.1/thumb/v7-m/nofp/crti.o
LOAD C:/ST/STM32CubeIDE_1.13.2/STM32CubeIDE/plugins/com.st.stm32cube.ide.mcu.externaltools.gnu-tools-for-stm32.11.3.rel1.win32_1.1.1.202309131626/tools/bin/../lib/gcc/arm-none-eabi/11.3.1/thumb/v7-m/nofp/crtbegin.o
LOAD C:/ST/STM32CubeIDE_1.13.2/STM32CubeIDE/plugins/com.st.stm32cube.ide.mcu.externaltools.gnu-tools-for-stm32.11.3.rel1.win32_1.1.1.202309131626/tools/bin/../lib/gcc/arm-none-eabi/11.3.1/../../../../arm-none-eabi/lib/thumb/v7-m/nofp/crt0.o
LOAD ./Core/Src/DHT.o
LOAD ./Core/Src/Flash.o
LOAD ./Core/Src/LCD20x4.o
LOAD ./Core/Src/ShowScreen.o
LOAD ./Core/Src/main.o
LOAD ./Core/Src/rc522.o
LOAD ./Core/Src/stm32f1xx_hal_msp.o
LOAD ./Core/Src/stm32f1xx_it.o
LOAD ./Core/Src/syscalls.o
LOAD ./Core/Src/sysmem.o
LOAD ./Core/Src/system_stm32f1xx.o
LOAD ./Core/Startup/startup_stm32f103c8tx.o
LOAD ./Drivers/STM32F1xx_HAL_Driver/Src/stm32f1xx_hal.o
LOAD ./Drivers/STM32F1xx_HAL_Driver/Src/stm32f1xx_hal_cortex.o
LOAD ./Drivers/STM32F1xx_HAL_Driver/Src/stm32f1xx_hal_dma.o
LOAD ./Drivers/STM32F1xx_HAL_Driver/Src/stm32f1xx_hal_exti.o
LOAD ./Drivers/STM32F1xx_HAL_Driver/Src/stm32f1xx_hal_flash.o
LOAD ./Drivers/STM32F1xx_HAL_Driver/Src/stm32f1xx_hal_flash_ex.o
LOAD ./Drivers/STM32F1xx_HAL_Driver/Src/stm32f1xx_hal_gpio.o
LOAD ./Drivers/STM32F1xx_HAL_Driver/Src/stm32f1xx_hal_gpio_ex.o
LOAD ./Drivers/STM32F1xx_HAL_Driver/Src/stm32f1xx_hal_pwr.o
LOAD ./Drivers/STM32F1xx_HAL_Driver/Src/stm32f1xx_hal_rcc.o
LOAD ./Drivers/STM32F1xx_HAL_Driver/Src/stm32f1xx_hal_rcc_ex.o
LOAD ./Drivers/STM32F1xx_HAL_Driver/Src/stm32f1xx_hal_spi.o
LOAD ./Drivers/STM32F1xx_HAL_Driver/Src/stm32f1xx_hal_tim.o
LOAD ./Drivers/STM32F1xx_HAL_Driver/Src/stm32f1xx_hal_tim_ex.o
LOAD ./Drivers/STM32F1xx_HAL_Driver/Src/stm32f1xx_hal_uart.o
START GROUP
LOAD C:/ST/STM32CubeIDE_1.13.2/STM32CubeIDE/plugins/com.st.stm32cube.ide.mcu.externaltools.gnu-tools-for-stm32.11.3.rel1.win32_1.1.1.202309131626/tools/bin/../lib/gcc/arm-none-eabi/11.3.1/../../../../arm-none-eabi/lib/thumb/v7-m/nofp\libc_nano.a
LOAD C:/ST/STM32CubeIDE_1.13.2/STM32CubeIDE/plugins/com.st.stm32cube.ide.mcu.externaltools.gnu-tools-for-stm32.11.3.rel1.win32_1.1.1.202309131626/tools/bin/../lib/gcc/arm-none-eabi/11.3.1/../../../../arm-none-eabi/lib/thumb/v7-m/nofp\libm.a
END GROUP
START GROUP
LOAD C:/ST/STM32CubeIDE_1.13.2/STM32CubeIDE/plugins/com.st.stm32cube.ide.mcu.externaltools.gnu-tools-for-stm32.11.3.rel1.win32_1.1.1.202309131626/tools/bin/../lib/gcc/arm-none-eabi/11.3.1/thumb/v7-m/nofp\libgcc.a
LOAD C:/ST/STM32CubeIDE_1.13.2/STM32CubeIDE/plugins/com.st.stm32cube.ide.mcu.externaltools.gnu-tools-for-stm32.11.3.rel1.win32_1.1.1.202309131626/tools/bin/../lib/gcc/arm-none-eabi/11.3.1/../../../../arm-none-eabi/lib/thumb/v7-m/nofp\libc_nano.a
END GROUP
START GROUP
LOAD C:/ST/STM32CubeIDE_1.13.2/STM32CubeIDE/plugins/com.st.stm32cube.ide.mcu.externaltools.gnu-tools-for-stm32.11.3.rel1.win32_1.1.1.202309131626/tools/bin/../lib/gcc/arm-none-eabi/11.3.1/thumb/v7-m/nofp\libgcc.a
LOAD C:/ST/STM32CubeIDE_1.13.2/STM32CubeIDE/plugins/com.st.stm32cube.ide.mcu.externaltools.gnu-tools-for-stm32.11.3.rel1.win32_1.1.1.202309131626/tools/bin/../lib/gcc/arm-none-eabi/11.3.1/../../../../arm-none-eabi/lib/thumb/v7-m/nofp\libc_nano.a
LOAD C:/ST/STM32CubeIDE_1.13.2/STM32CubeIDE/plugins/com.st.stm32cube.ide.mcu.externaltools.gnu-tools-for-stm32.11.3.rel1.win32_1.1.1.202309131626/tools/bin/../lib/gcc/arm-none-eabi/11.3.1/../../../../arm-none-eabi/lib/thumb/v7-m/nofp\libnosys.a
END GROUP
START GROUP
LOAD C:/ST/STM32CubeIDE_1.13.2/STM32CubeIDE/plugins/com.st.stm32cube.ide.mcu.externaltools.gnu-tools-for-stm32.11.3.rel1.win32_1.1.1.202309131626/tools/bin/../lib/gcc/arm-none-eabi/11.3.1/thumb/v7-m/nofp\libgcc.a
LOAD C:/ST/STM32CubeIDE_1.13.2/STM32CubeIDE/plugins/com.st.stm32cube.ide.mcu.externaltools.gnu-tools-for-stm32.11.3.rel1.win32_1.1.1.202309131626/tools/bin/../lib/gcc/arm-none-eabi/11.3.1/../../../../arm-none-eabi/lib/thumb/v7-m/nofp\libc_nano.a
LOAD C:/ST/STM32CubeIDE_1.13.2/STM32CubeIDE/plugins/com.st.stm32cube.ide.mcu.externaltools.gnu-tools-for-stm32.11.3.rel1.win32_1.1.1.202309131626/tools/bin/../lib/gcc/arm-none-eabi/11.3.1/../../../../arm-none-eabi/lib/thumb/v7-m/nofp\libnosys.a
END GROUP
LOAD C:/ST/STM32CubeIDE_1.13.2/STM32CubeIDE/plugins/com.st.stm32cube.ide.mcu.externaltools.gnu-tools-for-stm32.11.3.rel1.win32_1.1.1.202309131626/tools/bin/../lib/gcc/arm-none-eabi/11.3.1/thumb/v7-m/nofp/crtend.o
LOAD C:/ST/STM32CubeIDE_1.13.2/STM32CubeIDE/plugins/com.st.stm32cube.ide.mcu.externaltools.gnu-tools-for-stm32.11.3.rel1.win32_1.1.1.202309131626/tools/bin/../lib/gcc/arm-none-eabi/11.3.1/thumb/v7-m/nofp/crtn.o
                0x0000000020005000                _estack = (ORIGIN (RAM) + LENGTH (RAM))
                0x0000000000000200                _Min_Heap_Size = 0x200
                0x0000000000000400                _Min_Stack_Size = 0x400

.isr_vector     0x0000000008000000      0x10c
                0x0000000008000000                . = ALIGN (0x4)
 *(.isr_vector)
 .isr_vector    0x0000000008000000      0x10c ./Core/Startup/startup_stm32f103c8tx.o
                0x0000000008000000                g_pfnVectors
                0x000000000800010c                . = ALIGN (0x4)

.text           0x000000000800010c     0x4b04
                0x000000000800010c                . = ALIGN (0x4)
 *(.text)
 .text          0x000000000800010c       0x40 C:/ST/STM32CubeIDE_1.13.2/STM32CubeIDE/plugins/com.st.stm32cube.ide.mcu.externaltools.gnu-tools-for-stm32.11.3.rel1.win32_1.1.1.202309131626/tools/bin/../lib/gcc/arm-none-eabi/11.3.1/thumb/v7-m/nofp/crtbegin.o
 .text          0x000000000800014c      0x168 C:/ST/STM32CubeIDE_1.13.2/STM32CubeIDE/plugins/com.st.stm32cube.ide.mcu.externaltools.gnu-tools-for-stm32.11.3.rel1.win32_1.1.1.202309131626/tools/bin/../lib/gcc/arm-none-eabi/11.3.1/thumb/v7-m/nofp\libgcc.a(_arm_mulsf3.o)
                0x000000000800014c                __aeabi_fmul
                0x000000000800014c                __mulsf3
 .text          0x00000000080002b4      0x21c C:/ST/STM32CubeIDE_1.13.2/STM32CubeIDE/plugins/com.st.stm32cube.ide.mcu.externaltools.gnu-tools-for-stm32.11.3.rel1.win32_1.1.1.202309131626/tools/bin/../lib/gcc/arm-none-eabi/11.3.1/thumb/v7-m/nofp\libgcc.a(_arm_addsubsf3.o)
                0x00000000080002b4                __aeabi_frsub
                0x00000000080002bc                __subsf3
                0x00000000080002bc                __aeabi_fsub
                0x00000000080002c0                __aeabi_fadd
                0x00000000080002c0                __addsf3
                0x0000000008000420                __aeabi_ui2f
                0x0000000008000420                __floatunsisf
                0x0000000008000428                __aeabi_i2f
                0x0000000008000428                __floatsisf
                0x0000000008000444                __aeabi_ul2f
                0x0000000008000444                __floatundisf
                0x0000000008000454                __aeabi_l2f
                0x0000000008000454                __floatdisf
 .text          0x00000000080004d0       0xec C:/ST/STM32CubeIDE_1.13.2/STM32CubeIDE/plugins/com.st.stm32cube.ide.mcu.externaltools.gnu-tools-for-stm32.11.3.rel1.win32_1.1.1.202309131626/tools/bin/../lib/gcc/arm-none-eabi/11.3.1/thumb/v7-m/nofp\libgcc.a(_arm_cmpsf2.o)
                0x00000000080004d0                __gesf2
                0x00000000080004d0                __gtsf2
                0x00000000080004d8                __lesf2
                0x00000000080004d8                __ltsf2
                0x00000000080004e0                __nesf2
                0x00000000080004e0                __eqsf2
                0x00000000080004e0                __cmpsf2
                0x0000000008000540                __aeabi_cfrcmple
                0x0000000008000548                __aeabi_cfcmpeq
                0x0000000008000548                __aeabi_cfcmple
                0x0000000008000558                __aeabi_fcmpeq
                0x000000000800056c                __aeabi_fcmplt
                0x0000000008000580                __aeabi_fcmple
                0x0000000008000594                __aeabi_fcmpge
                0x00000000080005a8                __aeabi_fcmpgt
 .text          0x00000000080005bc       0x40 C:/ST/STM32CubeIDE_1.13.2/STM32CubeIDE/plugins/com.st.stm32cube.ide.mcu.externaltools.gnu-tools-for-stm32.11.3.rel1.win32_1.1.1.202309131626/tools/bin/../lib/gcc/arm-none-eabi/11.3.1/thumb/v7-m/nofp\libgcc.a(_arm_fixunssfsi.o)
                0x00000000080005bc                __fixunssfsi
                0x00000000080005bc                __aeabi_f2uiz
 *(.text*)
 .text.goToOutput
                0x00000000080005fc       0x52 ./Core/Src/DHT.o
 .text.goToInput
                0x000000000800064e       0x3e ./Core/Src/DHT.o
 .text.DHT_getData
                0x000000000800068c      0x344 ./Core/Src/DHT.o
                0x000000000800068c                DHT_getData
 .text.FlashErase
                0x00000000080009d0       0x38 ./Core/Src/Flash.o
                0x00000000080009d0                FlashErase
 .text.FlashWrite
                0x0000000008000a08       0x2e ./Core/Src/Flash.o
                0x0000000008000a08                FlashWrite
 .text.FlashRead
                0x0000000008000a36       0x18 ./Core/Src/Flash.o
                0x0000000008000a36                FlashRead
 *fill*         0x0000000008000a4e        0x2 
 .text.LCD_Enable
                0x0000000008000a50       0x30 ./Core/Src/LCD20x4.o
 .text.LCD_SendNibble
                0x0000000008000a80       0x78 ./Core/Src/LCD20x4.o
 .text.LCD_Init
                0x0000000008000af8       0x8c ./Core/Src/LCD20x4.o
                0x0000000008000af8                LCD_Init
 .text.LCD_SendCommand
                0x0000000008000b84       0x3c ./Core/Src/LCD20x4.o
                0x0000000008000b84                LCD_SendCommand
 .text.LCD_SendData
                0x0000000008000bc0       0x3c ./Core/Src/LCD20x4.o
                0x0000000008000bc0                LCD_SendData
 .text.LCD_SendString
                0x0000000008000bfc       0x2a ./Core/Src/LCD20x4.o
                0x0000000008000bfc                LCD_SendString
 *fill*         0x0000000008000c26        0x2 
 .text.LCD_SetCursor
                0x0000000008000c28       0x68 ./Core/Src/LCD20x4.o
                0x0000000008000c28                LCD_SetCursor
 .text.LCD_Clear
                0x0000000008000c90       0x14 ./Core/Src/LCD20x4.o
                0x0000000008000c90                LCD_Clear
 .text.LCD_PrintInt
                0x0000000008000ca4       0x2c ./Core/Src/LCD20x4.o
                0x0000000008000ca4                LCD_PrintInt
 .text.hienthi  0x0000000008000cd0       0x7c ./Core/Src/ShowScreen.o
                0x0000000008000cd0                hienthi
 .text.Normal   0x0000000008000d4c       0x20 ./Core/Src/main.o
                0x0000000008000d4c                Normal
 .text.Warning  0x0000000008000d6c       0x1c ./Core/Src/main.o
                0x0000000008000d6c                Warning
 .text.PressSound
                0x0000000008000d88       0x34 ./Core/Src/main.o
                0x0000000008000d88                PressSound
 .text.Mode     0x0000000008000dbc      0x490 ./Core/Src/main.o
                0x0000000008000dbc                Mode
 .text.main     0x000000000800124c      0x25c ./Core/Src/main.o
                0x000000000800124c                main
 .text.SystemClock_Config
                0x00000000080014a8       0x88 ./Core/Src/main.o
                0x00000000080014a8                SystemClock_Config
 .text.MX_SPI2_Init
                0x0000000008001530       0x6c ./Core/Src/main.o
 .text.MX_TIM3_Init
                0x000000000800159c       0x9c ./Core/Src/main.o
 .text.MX_TIM4_Init
                0x0000000008001638       0x9c ./Core/Src/main.o
 .text.MX_USART1_UART_Init
                0x00000000080016d4       0x54 ./Core/Src/main.o
 .text.MX_GPIO_Init
                0x0000000008001728      0x13c ./Core/Src/main.o
 .text.Error_Handler
                0x0000000008001864        0xa ./Core/Src/main.o
                0x0000000008001864                Error_Handler
 *fill*         0x000000000800186e        0x2 
 .text.RC522_SPI_Transfer
                0x0000000008001870       0x2c ./Core/Src/rc522.o
                0x0000000008001870                RC522_SPI_Transfer
 .text.Write_MFRC522
                0x000000000800189c       0x50 ./Core/Src/rc522.o
                0x000000000800189c                Write_MFRC522
 .text.Read_MFRC522
                0x00000000080018ec       0x54 ./Core/Src/rc522.o
                0x00000000080018ec                Read_MFRC522
 .text.SetBitMask
                0x0000000008001940       0x36 ./Core/Src/rc522.o
                0x0000000008001940                SetBitMask
 .text.ClearBitMask
                0x0000000008001976       0x40 ./Core/Src/rc522.o
                0x0000000008001976                ClearBitMask
 .text.AntennaOn
                0x00000000080019b6       0x16 ./Core/Src/rc522.o
                0x00000000080019b6                AntennaOn
 .text.MFRC522_Reset
                0x00000000080019cc       0x10 ./Core/Src/rc522.o
                0x00000000080019cc                MFRC522_Reset
 .text.MFRC522_Init
                0x00000000080019dc       0x5c ./Core/Src/rc522.o
                0x00000000080019dc                MFRC522_Init
 .text.MFRC522_ToCard
                0x0000000008001a38      0x192 ./Core/Src/rc522.o
                0x0000000008001a38                MFRC522_ToCard
 .text.MFRC522_Request
                0x0000000008001bca       0x4a ./Core/Src/rc522.o
                0x0000000008001bca                MFRC522_Request
 .text.MFRC522_Anticoll
                0x0000000008001c14       0x7a ./Core/Src/rc522.o
                0x0000000008001c14                MFRC522_Anticoll
 *fill*         0x0000000008001c8e        0x2 
 .text.HAL_MspInit
                0x0000000008001c90       0x64 ./Core/Src/stm32f1xx_hal_msp.o
                0x0000000008001c90                HAL_MspInit
 .text.HAL_SPI_MspInit
                0x0000000008001cf4       0x98 ./Core/Src/stm32f1xx_hal_msp.o
                0x0000000008001cf4                HAL_SPI_MspInit
 .text.HAL_TIM_Base_MspInit
                0x0000000008001d8c       0x64 ./Core/Src/stm32f1xx_hal_msp.o
                0x0000000008001d8c                HAL_TIM_Base_MspInit
 .text.HAL_UART_MspInit
                0x0000000008001df0       0xb4 ./Core/Src/stm32f1xx_hal_msp.o
                0x0000000008001df0                HAL_UART_MspInit
 .text.NMI_Handler
                0x0000000008001ea4        0x6 ./Core/Src/stm32f1xx_it.o
                0x0000000008001ea4                NMI_Handler
 .text.HardFault_Handler
                0x0000000008001eaa        0x6 ./Core/Src/stm32f1xx_it.o
                0x0000000008001eaa                HardFault_Handler
 .text.MemManage_Handler
                0x0000000008001eb0        0x6 ./Core/Src/stm32f1xx_it.o
                0x0000000008001eb0                MemManage_Handler
 .text.BusFault_Handler
                0x0000000008001eb6        0x6 ./Core/Src/stm32f1xx_it.o
                0x0000000008001eb6                BusFault_Handler
 .text.UsageFault_Handler
                0x0000000008001ebc        0x6 ./Core/Src/stm32f1xx_it.o
                0x0000000008001ebc                UsageFault_Handler
 .text.SVC_Handler
                0x0000000008001ec2        0xc ./Core/Src/stm32f1xx_it.o
                0x0000000008001ec2                SVC_Handler
 .text.DebugMon_Handler
                0x0000000008001ece        0xc ./Core/Src/stm32f1xx_it.o
                0x0000000008001ece                DebugMon_Handler
 .text.PendSV_Handler
                0x0000000008001eda        0xc ./Core/Src/stm32f1xx_it.o
                0x0000000008001eda                PendSV_Handler
 .text.SysTick_Handler
                0x0000000008001ee6        0xc ./Core/Src/stm32f1xx_it.o
                0x0000000008001ee6                SysTick_Handler
 *fill*         0x0000000008001ef2        0x2 
 .text._sbrk    0x0000000008001ef4       0x6c ./Core/Src/sysmem.o
                0x0000000008001ef4                _sbrk
 .text.SystemInit
                0x0000000008001f60        0xc ./Core/Src/system_stm32f1xx.o
                0x0000000008001f60                SystemInit
 .text.Reset_Handler
                0x0000000008001f6c       0x48 ./Core/Startup/startup_stm32f103c8tx.o
                0x0000000008001f6c                Reset_Handler
 .text.Default_Handler
                0x0000000008001fb4        0x2 ./Core/Startup/startup_stm32f103c8tx.o
                0x0000000008001fb4                RTC_Alarm_IRQHandler
                0x0000000008001fb4                EXTI2_IRQHandler
                0x0000000008001fb4                TIM1_CC_IRQHandler
                0x0000000008001fb4                PVD_IRQHandler
                0x0000000008001fb4                EXTI3_IRQHandler
                0x0000000008001fb4                EXTI0_IRQHandler
                0x0000000008001fb4                I2C2_EV_IRQHandler
                0x0000000008001fb4                ADC1_2_IRQHandler
                0x0000000008001fb4                SPI1_IRQHandler
                0x0000000008001fb4                TAMPER_IRQHandler
                0x0000000008001fb4                DMA1_Channel4_IRQHandler
                0x0000000008001fb4                USART3_IRQHandler
                0x0000000008001fb4                RTC_IRQHandler
                0x0000000008001fb4                DMA1_Channel7_IRQHandler
                0x0000000008001fb4                CAN1_RX1_IRQHandler
                0x0000000008001fb4                TIM4_IRQHandler
                0x0000000008001fb4                I2C1_EV_IRQHandler
                0x0000000008001fb4                DMA1_Channel6_IRQHandler
                0x0000000008001fb4                TIM3_IRQHandler
                0x0000000008001fb4                RCC_IRQHandler
                0x0000000008001fb4                TIM1_TRG_COM_IRQHandler
                0x0000000008001fb4                DMA1_Channel1_IRQHandler
                0x0000000008001fb4                Default_Handler
                0x0000000008001fb4                EXTI15_10_IRQHandler
                0x0000000008001fb4                EXTI9_5_IRQHandler
                0x0000000008001fb4                SPI2_IRQHandler
                0x0000000008001fb4                DMA1_Channel5_IRQHandler
                0x0000000008001fb4                EXTI4_IRQHandler
                0x0000000008001fb4                USB_LP_CAN1_RX0_IRQHandler
                0x0000000008001fb4                USB_HP_CAN1_TX_IRQHandler
                0x0000000008001fb4                DMA1_Channel3_IRQHandler
                0x0000000008001fb4                TIM1_UP_IRQHandler
                0x0000000008001fb4                WWDG_IRQHandler
                0x0000000008001fb4                TIM2_IRQHandler
                0x0000000008001fb4                TIM1_BRK_IRQHandler
                0x0000000008001fb4                EXTI1_IRQHandler
                0x0000000008001fb4                USART2_IRQHandler
                0x0000000008001fb4                I2C2_ER_IRQHandler
                0x0000000008001fb4                DMA1_Channel2_IRQHandler
                0x0000000008001fb4                CAN1_SCE_IRQHandler
                0x0000000008001fb4                FLASH_IRQHandler
                0x0000000008001fb4                USART1_IRQHandler
                0x0000000008001fb4                I2C1_ER_IRQHandler
                0x0000000008001fb4                USBWakeUp_IRQHandler
 *fill*         0x0000000008001fb6        0x2 
 .text.HAL_Init
                0x0000000008001fb8       0x2c ./Drivers/STM32F1xx_HAL_Driver/Src/stm32f1xx_hal.o
                0x0000000008001fb8                HAL_Init
 .text.HAL_InitTick
                0x0000000008001fe4       0x60 ./Drivers/STM32F1xx_HAL_Driver/Src/stm32f1xx_hal.o
                0x0000000008001fe4                HAL_InitTick
 .text.HAL_IncTick
                0x0000000008002044       0x24 ./Drivers/STM32F1xx_HAL_Driver/Src/stm32f1xx_hal.o
                0x0000000008002044                HAL_IncTick
 .text.HAL_GetTick
                0x0000000008002068       0x14 ./Drivers/STM32F1xx_HAL_Driver/Src/stm32f1xx_hal.o
                0x0000000008002068                HAL_GetTick
 .text.HAL_Delay
                0x000000000800207c       0x48 ./Drivers/STM32F1xx_HAL_Driver/Src/stm32f1xx_hal.o
                0x000000000800207c                HAL_Delay
 .text.__NVIC_SetPriorityGrouping
                0x00000000080020c4       0x48 ./Drivers/STM32F1xx_HAL_Driver/Src/stm32f1xx_hal_cortex.o
 .text.__NVIC_GetPriorityGrouping
                0x000000000800210c       0x1c ./Drivers/STM32F1xx_HAL_Driver/Src/stm32f1xx_hal_cortex.o
 .text.__NVIC_SetPriority
                0x0000000008002128       0x54 ./Drivers/STM32F1xx_HAL_Driver/Src/stm32f1xx_hal_cortex.o
 .text.NVIC_EncodePriority
                0x000000000800217c       0x64 ./Drivers/STM32F1xx_HAL_Driver/Src/stm32f1xx_hal_cortex.o
 .text.SysTick_Config
                0x00000000080021e0       0x44 ./Drivers/STM32F1xx_HAL_Driver/Src/stm32f1xx_hal_cortex.o
 .text.HAL_NVIC_SetPriorityGrouping
                0x0000000008002224       0x16 ./Drivers/STM32F1xx_HAL_Driver/Src/stm32f1xx_hal_cortex.o
                0x0000000008002224                HAL_NVIC_SetPriorityGrouping
 .text.HAL_NVIC_SetPriority
                0x000000000800223a       0x38 ./Drivers/STM32F1xx_HAL_Driver/Src/stm32f1xx_hal_cortex.o
                0x000000000800223a                HAL_NVIC_SetPriority
 .text.HAL_SYSTICK_Config
                0x0000000008002272       0x18 ./Drivers/STM32F1xx_HAL_Driver/Src/stm32f1xx_hal_cortex.o
                0x0000000008002272                HAL_SYSTICK_Config
 *fill*         0x000000000800228a        0x2 
 .text.HAL_FLASH_Program
                0x000000000800228c       0xe0 ./Drivers/STM32F1xx_HAL_Driver/Src/stm32f1xx_hal_flash.o
                0x000000000800228c                HAL_FLASH_Program
 .text.HAL_FLASH_Unlock
                0x000000000800236c       0x4c ./Drivers/STM32F1xx_HAL_Driver/Src/stm32f1xx_hal_flash.o
                0x000000000800236c                HAL_FLASH_Unlock
 .text.HAL_FLASH_Lock
                0x00000000080023b8       0x20 ./Drivers/STM32F1xx_HAL_Driver/Src/stm32f1xx_hal_flash.o
                0x00000000080023b8                HAL_FLASH_Lock
 .text.FLASH_Program_HalfWord
                0x00000000080023d8       0x38 ./Drivers/STM32F1xx_HAL_Driver/Src/stm32f1xx_hal_flash.o
 .text.FLASH_WaitForLastOperation
                0x0000000008002410       0x8c ./Drivers/STM32F1xx_HAL_Driver/Src/stm32f1xx_hal_flash.o
                0x0000000008002410                FLASH_WaitForLastOperation
 .text.FLASH_SetErrorCode
                0x000000000800249c       0xa0 ./Drivers/STM32F1xx_HAL_Driver/Src/stm32f1xx_hal_flash.o
 .text.HAL_FLASHEx_Erase
                0x000000000800253c       0xd8 ./Drivers/STM32F1xx_HAL_Driver/Src/stm32f1xx_hal_flash_ex.o
                0x000000000800253c                HAL_FLASHEx_Erase
 .text.FLASH_MassErase
                0x0000000008002614       0x38 ./Drivers/STM32F1xx_HAL_Driver/Src/stm32f1xx_hal_flash_ex.o
 .text.FLASH_PageErase
                0x000000000800264c       0x40 ./Drivers/STM32F1xx_HAL_Driver/Src/stm32f1xx_hal_flash_ex.o
                0x000000000800264c                FLASH_PageErase
 .text.HAL_GPIO_Init
                0x000000000800268c      0x308 ./Drivers/STM32F1xx_HAL_Driver/Src/stm32f1xx_hal_gpio.o
                0x000000000800268c                HAL_GPIO_Init
 .text.HAL_GPIO_ReadPin
                0x0000000008002994       0x2e ./Drivers/STM32F1xx_HAL_Driver/Src/stm32f1xx_hal_gpio.o
                0x0000000008002994                HAL_GPIO_ReadPin
 .text.HAL_GPIO_WritePin
                0x00000000080029c2       0x30 ./Drivers/STM32F1xx_HAL_Driver/Src/stm32f1xx_hal_gpio.o
                0x00000000080029c2                HAL_GPIO_WritePin
 .text.HAL_GPIO_TogglePin
                0x00000000080029f2       0x32 ./Drivers/STM32F1xx_HAL_Driver/Src/stm32f1xx_hal_gpio.o
                0x00000000080029f2                HAL_GPIO_TogglePin
 .text.HAL_RCC_OscConfig
                0x0000000008002a24      0x504 ./Drivers/STM32F1xx_HAL_Driver/Src/stm32f1xx_hal_rcc.o
                0x0000000008002a24                HAL_RCC_OscConfig
 .text.HAL_RCC_ClockConfig
                0x0000000008002f28      0x1d4 ./Drivers/STM32F1xx_HAL_Driver/Src/stm32f1xx_hal_rcc.o
                0x0000000008002f28                HAL_RCC_ClockConfig
 .text.HAL_RCC_GetSysClockFreq
                0x00000000080030fc       0xa8 ./Drivers/STM32F1xx_HAL_Driver/Src/stm32f1xx_hal_rcc.o
                0x00000000080030fc                HAL_RCC_GetSysClockFreq
 .text.HAL_RCC_GetHCLKFreq
                0x00000000080031a4       0x14 ./Drivers/STM32F1xx_HAL_Driver/Src/stm32f1xx_hal_rcc.o
                0x00000000080031a4                HAL_RCC_GetHCLKFreq
 .text.HAL_RCC_GetPCLK1Freq
                0x00000000080031b8       0x28 ./Drivers/STM32F1xx_HAL_Driver/Src/stm32f1xx_hal_rcc.o
                0x00000000080031b8                HAL_RCC_GetPCLK1Freq
 .text.HAL_RCC_GetPCLK2Freq
                0x00000000080031e0       0x28 ./Drivers/STM32F1xx_HAL_Driver/Src/stm32f1xx_hal_rcc.o
                0x00000000080031e0                HAL_RCC_GetPCLK2Freq
 .text.RCC_Delay
                0x0000000008003208       0x3c ./Drivers/STM32F1xx_HAL_Driver/Src/stm32f1xx_hal_rcc.o
 .text.HAL_SPI_Init
                0x0000000008003244      0x108 ./Drivers/STM32F1xx_HAL_Driver/Src/stm32f1xx_hal_spi.o
                0x0000000008003244                HAL_SPI_Init
 .text.HAL_SPI_TransmitReceive
                0x000000000800334c      0x360 ./Drivers/STM32F1xx_HAL_Driver/Src/stm32f1xx_hal_spi.o
                0x000000000800334c                HAL_SPI_TransmitReceive
 .text.SPI_WaitFlagStateUntilTimeout
                0x00000000080036ac      0x110 ./Drivers/STM32F1xx_HAL_Driver/Src/stm32f1xx_hal_spi.o
 .text.SPI_EndRxTxTransaction
                0x00000000080037bc       0x3c ./Drivers/STM32F1xx_HAL_Driver/Src/stm32f1xx_hal_spi.o
 .text.HAL_TIM_Base_Init
                0x00000000080037f8       0x9e ./Drivers/STM32F1xx_HAL_Driver/Src/stm32f1xx_hal_tim.o
                0x00000000080037f8                HAL_TIM_Base_Init
 *fill*         0x0000000008003896        0x2 
 .text.HAL_TIM_Base_Start
                0x0000000008003898       0x94 ./Drivers/STM32F1xx_HAL_Driver/Src/stm32f1xx_hal_tim.o
                0x0000000008003898                HAL_TIM_Base_Start
 .text.HAL_TIM_PWM_Start
                0x000000000800392c      0x144 ./Drivers/STM32F1xx_HAL_Driver/Src/stm32f1xx_hal_tim.o
                0x000000000800392c                HAL_TIM_PWM_Start
 .text.HAL_TIM_ConfigClockSource
                0x0000000008003a70      0x18e ./Drivers/STM32F1xx_HAL_Driver/Src/stm32f1xx_hal_tim.o
                0x0000000008003a70                HAL_TIM_ConfigClockSource
 *fill*         0x0000000008003bfe        0x2 
 .text.TIM_Base_SetConfig
                0x0000000008003c00       0xc4 ./Drivers/STM32F1xx_HAL_Driver/Src/stm32f1xx_hal_tim.o
                0x0000000008003c00                TIM_Base_SetConfig
 .text.TIM_TI1_ConfigInputStage
                0x0000000008003cc4       0x5c ./Drivers/STM32F1xx_HAL_Driver/Src/stm32f1xx_hal_tim.o
 .text.TIM_TI2_ConfigInputStage
                0x0000000008003d20       0x5e ./Drivers/STM32F1xx_HAL_Driver/Src/stm32f1xx_hal_tim.o
 .text.TIM_ITRx_SetConfig
                0x0000000008003d7e       0x34 ./Drivers/STM32F1xx_HAL_Driver/Src/stm32f1xx_hal_tim.o
 .text.TIM_ETR_SetConfig
                0x0000000008003db2       0x3e ./Drivers/STM32F1xx_HAL_Driver/Src/stm32f1xx_hal_tim.o
                0x0000000008003db2                TIM_ETR_SetConfig
 .text.TIM_CCxChannelCmd
                0x0000000008003df0       0x48 ./Drivers/STM32F1xx_HAL_Driver/Src/stm32f1xx_hal_tim.o
                0x0000000008003df0                TIM_CCxChannelCmd
 .text.HAL_TIMEx_MasterConfigSynchronization
                0x0000000008003e38       0xbc ./Drivers/STM32F1xx_HAL_Driver/Src/stm32f1xx_hal_tim_ex.o
                0x0000000008003e38                HAL_TIMEx_MasterConfigSynchronization
 .text.HAL_UART_Init
                0x0000000008003ef4       0xa0 ./Drivers/STM32F1xx_HAL_Driver/Src/stm32f1xx_hal_uart.o
                0x0000000008003ef4                HAL_UART_Init
 .text.HAL_UART_Transmit
                0x0000000008003f94      0x106 ./Drivers/STM32F1xx_HAL_Driver/Src/stm32f1xx_hal_uart.o
                0x0000000008003f94                HAL_UART_Transmit
 .text.UART_WaitOnFlagUntilTimeout
                0x000000000800409a       0xdc ./Drivers/STM32F1xx_HAL_Driver/Src/stm32f1xx_hal_uart.o
 *fill*         0x0000000008004176        0x2 
 .text.UART_SetConfig
                0x0000000008004178      0x11c ./Drivers/STM32F1xx_HAL_Driver/Src/stm32f1xx_hal_uart.o
 .text.sprintf  0x0000000008004294       0x40 C:/ST/STM32CubeIDE_1.13.2/STM32CubeIDE/plugins/com.st.stm32cube.ide.mcu.externaltools.gnu-tools-for-stm32.11.3.rel1.win32_1.1.1.202309131626/tools/bin/../lib/gcc/arm-none-eabi/11.3.1/../../../../arm-none-eabi/lib/thumb/v7-m/nofp\libc_nano.a(libc_a-sprintf.o)
                0x0000000008004294                siprintf
                0x0000000008004294                sprintf
 .text.memset   0x00000000080042d4       0x10 C:/ST/STM32CubeIDE_1.13.2/STM32CubeIDE/plugins/com.st.stm32cube.ide.mcu.externaltools.gnu-tools-for-stm32.11.3.rel1.win32_1.1.1.202309131626/tools/bin/../lib/gcc/arm-none-eabi/11.3.1/../../../../arm-none-eabi/lib/thumb/v7-m/nofp\libc_nano.a(libc_a-memset.o)
                0x00000000080042d4                memset
 .text.__errno  0x00000000080042e4        0xc C:/ST/STM32CubeIDE_1.13.2/STM32CubeIDE/plugins/com.st.stm32cube.ide.mcu.externaltools.gnu-tools-for-stm32.11.3.rel1.win32_1.1.1.202309131626/tools/bin/../lib/gcc/arm-none-eabi/11.3.1/../../../../arm-none-eabi/lib/thumb/v7-m/nofp\libc_nano.a(libc_a-errno.o)
                0x00000000080042e4                __errno
 .text.__libc_init_array
                0x00000000080042f0       0x48 C:/ST/STM32CubeIDE_1.13.2/STM32CubeIDE/plugins/com.st.stm32cube.ide.mcu.externaltools.gnu-tools-for-stm32.11.3.rel1.win32_1.1.1.202309131626/tools/bin/../lib/gcc/arm-none-eabi/11.3.1/../../../../arm-none-eabi/lib/thumb/v7-m/nofp\libc_nano.a(libc_a-init.o)
                0x00000000080042f0                __libc_init_array
 .text.__retarget_lock_acquire_recursive
                0x0000000008004338        0x2 C:/ST/STM32CubeIDE_1.13.2/STM32CubeIDE/plugins/com.st.stm32cube.ide.mcu.externaltools.gnu-tools-for-stm32.11.3.rel1.win32_1.1.1.202309131626/tools/bin/../lib/gcc/arm-none-eabi/11.3.1/../../../../arm-none-eabi/lib/thumb/v7-m/nofp\libc_nano.a(libc_a-lock.o)
                0x0000000008004338                __retarget_lock_acquire_recursive
 .text.__retarget_lock_release_recursive
                0x000000000800433a        0x2 C:/ST/STM32CubeIDE_1.13.2/STM32CubeIDE/plugins/com.st.stm32cube.ide.mcu.externaltools.gnu-tools-for-stm32.11.3.rel1.win32_1.1.1.202309131626/tools/bin/../lib/gcc/arm-none-eabi/11.3.1/../../../../arm-none-eabi/lib/thumb/v7-m/nofp\libc_nano.a(libc_a-lock.o)
                0x000000000800433a                __retarget_lock_release_recursive
 .text._free_r  0x000000000800433c       0x90 C:/ST/STM32CubeIDE_1.13.2/STM32CubeIDE/plugins/com.st.stm32cube.ide.mcu.externaltools.gnu-tools-for-stm32.11.3.rel1.win32_1.1.1.202309131626/tools/bin/../lib/gcc/arm-none-eabi/11.3.1/../../../../arm-none-eabi/lib/thumb/v7-m/nofp\libc_nano.a(libc_a-freer.o)
                0x000000000800433c                _free_r
 .text.sbrk_aligned
                0x00000000080043cc       0x40 C:/ST/STM32CubeIDE_1.13.2/STM32CubeIDE/plugins/com.st.stm32cube.ide.mcu.externaltools.gnu-tools-for-stm32.11.3.rel1.win32_1.1.1.202309131626/tools/bin/../lib/gcc/arm-none-eabi/11.3.1/../../../../arm-none-eabi/lib/thumb/v7-m/nofp\libc_nano.a(libc_a-mallocr.o)
 .text._malloc_r
                0x000000000800440c      0x100 C:/ST/STM32CubeIDE_1.13.2/STM32CubeIDE/plugins/com.st.stm32cube.ide.mcu.externaltools.gnu-tools-for-stm32.11.3.rel1.win32_1.1.1.202309131626/tools/bin/../lib/gcc/arm-none-eabi/11.3.1/../../../../arm-none-eabi/lib/thumb/v7-m/nofp\libc_nano.a(libc_a-mallocr.o)
                0x000000000800440c                _malloc_r
 .text.__malloc_lock
                0x000000000800450c        0xc C:/ST/STM32CubeIDE_1.13.2/STM32CubeIDE/plugins/com.st.stm32cube.ide.mcu.externaltools.gnu-tools-for-stm32.11.3.rel1.win32_1.1.1.202309131626/tools/bin/../lib/gcc/arm-none-eabi/11.3.1/../../../../arm-none-eabi/lib/thumb/v7-m/nofp\libc_nano.a(libc_a-mlock.o)
                0x000000000800450c                __malloc_lock
 .text.__malloc_unlock
                0x0000000008004518        0xc C:/ST/STM32CubeIDE_1.13.2/STM32CubeIDE/plugins/com.st.stm32cube.ide.mcu.externaltools.gnu-tools-for-stm32.11.3.rel1.win32_1.1.1.202309131626/tools/bin/../lib/gcc/arm-none-eabi/11.3.1/../../../../arm-none-eabi/lib/thumb/v7-m/nofp\libc_nano.a(libc_a-mlock.o)
                0x0000000008004518                __malloc_unlock
 .text.__ssputs_r
                0x0000000008004524       0xb4 C:/ST/STM32CubeIDE_1.13.2/STM32CubeIDE/plugins/com.st.stm32cube.ide.mcu.externaltools.gnu-tools-for-stm32.11.3.rel1.win32_1.1.1.202309131626/tools/bin/../lib/gcc/arm-none-eabi/11.3.1/../../../../arm-none-eabi/lib/thumb/v7-m/nofp\libc_nano.a(libc_a-nano-svfprintf.o)
                0x0000000008004524                __ssputs_r
 .text._svfprintf_r
                0x00000000080045d8      0x1fc C:/ST/STM32CubeIDE_1.13.2/STM32CubeIDE/plugins/com.st.stm32cube.ide.mcu.externaltools.gnu-tools-for-stm32.11.3.rel1.win32_1.1.1.202309131626/tools/bin/../lib/gcc/arm-none-eabi/11.3.1/../../../../arm-none-eabi/lib/thumb/v7-m/nofp\libc_nano.a(libc_a-nano-svfprintf.o)
                0x00000000080045d8                _svfiprintf_r
                0x00000000080045d8                _svfprintf_r
 .text._printf_common
                0x00000000080047d4       0xe4 C:/ST/STM32CubeIDE_1.13.2/STM32CubeIDE/plugins/com.st.stm32cube.ide.mcu.externaltools.gnu-tools-for-stm32.11.3.rel1.win32_1.1.1.202309131626/tools/bin/../lib/gcc/arm-none-eabi/11.3.1/../../../../arm-none-eabi/lib/thumb/v7-m/nofp\libc_nano.a(libc_a-nano-vfprintf_i.o)
                0x00000000080047d4                _printf_common
 .text._printf_i
                0x00000000080048b8      0x244 C:/ST/STM32CubeIDE_1.13.2/STM32CubeIDE/plugins/com.st.stm32cube.ide.mcu.externaltools.gnu-tools-for-stm32.11.3.rel1.win32_1.1.1.202309131626/tools/bin/../lib/gcc/arm-none-eabi/11.3.1/../../../../arm-none-eabi/lib/thumb/v7-m/nofp\libc_nano.a(libc_a-nano-vfprintf_i.o)
                0x00000000080048b8                _printf_i
 .text.memmove  0x0000000008004afc       0x34 C:/ST/STM32CubeIDE_1.13.2/STM32CubeIDE/plugins/com.st.stm32cube.ide.mcu.externaltools.gnu-tools-for-stm32.11.3.rel1.win32_1.1.1.202309131626/tools/bin/../lib/gcc/arm-none-eabi/11.3.1/../../../../arm-none-eabi/lib/thumb/v7-m/nofp\libc_nano.a(libc_a-memmove.o)
                0x0000000008004afc                memmove
 .text._sbrk_r  0x0000000008004b30       0x20 C:/ST/STM32CubeIDE_1.13.2/STM32CubeIDE/plugins/com.st.stm32cube.ide.mcu.externaltools.gnu-tools-for-stm32.11.3.rel1.win32_1.1.1.202309131626/tools/bin/../lib/gcc/arm-none-eabi/11.3.1/../../../../arm-none-eabi/lib/thumb/v7-m/nofp\libc_nano.a(libc_a-sbrkr.o)
                0x0000000008004b30                _sbrk_r
 .text.memchr   0x0000000008004b50       0x1c C:/ST/STM32CubeIDE_1.13.2/STM32CubeIDE/plugins/com.st.stm32cube.ide.mcu.externaltools.gnu-tools-for-stm32.11.3.rel1.win32_1.1.1.202309131626/tools/bin/../lib/gcc/arm-none-eabi/11.3.1/../../../../arm-none-eabi/lib/thumb/v7-m/nofp\libc_nano.a(libc_a-memchr-stub.o)
                0x0000000008004b50                memchr
 .text.memcpy   0x0000000008004b6c       0x1c C:/ST/STM32CubeIDE_1.13.2/STM32CubeIDE/plugins/com.st.stm32cube.ide.mcu.externaltools.gnu-tools-for-stm32.11.3.rel1.win32_1.1.1.202309131626/tools/bin/../lib/gcc/arm-none-eabi/11.3.1/../../../../arm-none-eabi/lib/thumb/v7-m/nofp\libc_nano.a(libc_a-memcpy-stub.o)
                0x0000000008004b6c                memcpy
 .text._realloc_r
                0x0000000008004b88       0x5e C:/ST/STM32CubeIDE_1.13.2/STM32CubeIDE/plugins/com.st.stm32cube.ide.mcu.externaltools.gnu-tools-for-stm32.11.3.rel1.win32_1.1.1.202309131626/tools/bin/../lib/gcc/arm-none-eabi/11.3.1/../../../../arm-none-eabi/lib/thumb/v7-m/nofp\libc_nano.a(libc_a-reallocr.o)
                0x0000000008004b88                _realloc_r
 .text._malloc_usable_size_r
                0x0000000008004be6       0x10 C:/ST/STM32CubeIDE_1.13.2/STM32CubeIDE/plugins/com.st.stm32cube.ide.mcu.externaltools.gnu-tools-for-stm32.11.3.rel1.win32_1.1.1.202309131626/tools/bin/../lib/gcc/arm-none-eabi/11.3.1/../../../../arm-none-eabi/lib/thumb/v7-m/nofp\libc_nano.a(libc_a-msizer.o)
                0x0000000008004be6                _malloc_usable_size_r
 *(.glue_7)
 .glue_7        0x0000000008004bf6        0x0 linker stubs
 *(.glue_7t)
 .glue_7t       0x0000000008004bf6        0x0 linker stubs
 *(.eh_frame)
 *fill*         0x0000000008004bf6        0x2 
 .eh_frame      0x0000000008004bf8        0x0 C:/ST/STM32CubeIDE_1.13.2/STM32CubeIDE/plugins/com.st.stm32cube.ide.mcu.externaltools.gnu-tools-for-stm32.11.3.rel1.win32_1.1.1.202309131626/tools/bin/../lib/gcc/arm-none-eabi/11.3.1/thumb/v7-m/nofp/crtbegin.o
 *(.init)
 .init          0x0000000008004bf8        0x4 C:/ST/STM32CubeIDE_1.13.2/STM32CubeIDE/plugins/com.st.stm32cube.ide.mcu.externaltools.gnu-tools-for-stm32.11.3.rel1.win32_1.1.1.202309131626/tools/bin/../lib/gcc/arm-none-eabi/11.3.1/thumb/v7-m/nofp/crti.o
                0x0000000008004bf8                _init
 .init          0x0000000008004bfc        0x8 C:/ST/STM32CubeIDE_1.13.2/STM32CubeIDE/plugins/com.st.stm32cube.ide.mcu.externaltools.gnu-tools-for-stm32.11.3.rel1.win32_1.1.1.202309131626/tools/bin/../lib/gcc/arm-none-eabi/11.3.1/thumb/v7-m/nofp/crtn.o
 *(.fini)
 .fini          0x0000000008004c04        0x4 C:/ST/STM32CubeIDE_1.13.2/STM32CubeIDE/plugins/com.st.stm32cube.ide.mcu.externaltools.gnu-tools-for-stm32.11.3.rel1.win32_1.1.1.202309131626/tools/bin/../lib/gcc/arm-none-eabi/11.3.1/thumb/v7-m/nofp/crti.o
                0x0000000008004c04                _fini
 .fini          0x0000000008004c08        0x8 C:/ST/STM32CubeIDE_1.13.2/STM32CubeIDE/plugins/com.st.stm32cube.ide.mcu.externaltools.gnu-tools-for-stm32.11.3.rel1.win32_1.1.1.202309131626/tools/bin/../lib/gcc/arm-none-eabi/11.3.1/thumb/v7-m/nofp/crtn.o
                0x0000000008004c10                . = ALIGN (0x4)
                0x0000000008004c10                _etext = .

.vfp11_veneer   0x0000000008004c10        0x0
 .vfp11_veneer  0x0000000008004c10        0x0 linker stubs

.v4_bx          0x0000000008004c10        0x0
 .v4_bx         0x0000000008004c10        0x0 linker stubs

.iplt           0x0000000008004c10        0x0
 .iplt          0x0000000008004c10        0x0 C:/ST/STM32CubeIDE_1.13.2/STM32CubeIDE/plugins/com.st.stm32cube.ide.mcu.externaltools.gnu-tools-for-stm32.11.3.rel1.win32_1.1.1.202309131626/tools/bin/../lib/gcc/arm-none-eabi/11.3.1/thumb/v7-m/nofp/crtbegin.o

.rodata         0x0000000008004c10      0x108
                0x0000000008004c10                . = ALIGN (0x4)
 *(.rodata)
 .rodata        0x0000000008004c10        0xd ./Core/Src/DHT.o
 *fill*         0x0000000008004c1d        0x3 
 .rodata        0x0000000008004c20        0x3 ./Core/Src/LCD20x4.o
 *fill*         0x0000000008004c23        0x1 
 .rodata        0x0000000008004c24       0x1f ./Core/Src/ShowScreen.o
 *fill*         0x0000000008004c43        0x1 
 .rodata        0x0000000008004c44       0x71 ./Core/Src/main.o
 *(.rodata*)
 *fill*         0x0000000008004cb5        0x3 
 .rodata.AHBPrescTable
                0x0000000008004cb8       0x10 ./Core/Src/system_stm32f1xx.o
                0x0000000008004cb8                AHBPrescTable
 .rodata.APBPrescTable
                0x0000000008004cc8        0x8 ./Core/Src/system_stm32f1xx.o
                0x0000000008004cc8                APBPrescTable
 .rodata.aPLLMULFactorTable.1
                0x0000000008004cd0       0x10 ./Drivers/STM32F1xx_HAL_Driver/Src/stm32f1xx_hal_rcc.o
 .rodata.aPredivFactorTable.0
                0x0000000008004ce0        0x2 ./Drivers/STM32F1xx_HAL_Driver/Src/stm32f1xx_hal_rcc.o
 .rodata._svfprintf_r.str1.1
                0x0000000008004ce2       0x11 C:/ST/STM32CubeIDE_1.13.2/STM32CubeIDE/plugins/com.st.stm32cube.ide.mcu.externaltools.gnu-tools-for-stm32.11.3.rel1.win32_1.1.1.202309131626/tools/bin/../lib/gcc/arm-none-eabi/11.3.1/../../../../arm-none-eabi/lib/thumb/v7-m/nofp\libc_nano.a(libc_a-nano-svfprintf.o)
 .rodata._printf_i.str1.1
                0x0000000008004cf3       0x22 C:/ST/STM32CubeIDE_1.13.2/STM32CubeIDE/plugins/com.st.stm32cube.ide.mcu.externaltools.gnu-tools-for-stm32.11.3.rel1.win32_1.1.1.202309131626/tools/bin/../lib/gcc/arm-none-eabi/11.3.1/../../../../arm-none-eabi/lib/thumb/v7-m/nofp\libc_nano.a(libc_a-nano-vfprintf_i.o)
                0x0000000008004d18                . = ALIGN (0x4)
 *fill*         0x0000000008004d15        0x3 

.rel.dyn        0x0000000008004d18        0x0
 .rel.iplt      0x0000000008004d18        0x0 C:/ST/STM32CubeIDE_1.13.2/STM32CubeIDE/plugins/com.st.stm32cube.ide.mcu.externaltools.gnu-tools-for-stm32.11.3.rel1.win32_1.1.1.202309131626/tools/bin/../lib/gcc/arm-none-eabi/11.3.1/thumb/v7-m/nofp/crtbegin.o

.ARM.extab      0x0000000008004d18        0x0
                0x0000000008004d18                . = ALIGN (0x4)
 *(.ARM.extab* .gnu.linkonce.armextab.*)
                0x0000000008004d18                . = ALIGN (0x4)

.ARM            0x0000000008004d18        0x0
                0x0000000008004d18                . = ALIGN (0x4)
                0x0000000008004d18                __exidx_start = .
 *(.ARM.exidx*)
                0x0000000008004d18                __exidx_end = .
                0x0000000008004d18                . = ALIGN (0x4)

.preinit_array  0x0000000008004d18        0x0
                0x0000000008004d18                . = ALIGN (0x4)
                0x0000000008004d18                PROVIDE (__preinit_array_start = .)
 *(.preinit_array*)
                0x0000000008004d18                PROVIDE (__preinit_array_end = .)
                0x0000000008004d18                . = ALIGN (0x4)

.init_array     0x0000000008004d18        0x4
                0x0000000008004d18                . = ALIGN (0x4)
                0x0000000008004d18                PROVIDE (__init_array_start = .)
 *(SORT_BY_NAME(.init_array.*))
 *(.init_array*)
 .init_array    0x0000000008004d18        0x4 C:/ST/STM32CubeIDE_1.13.2/STM32CubeIDE/plugins/com.st.stm32cube.ide.mcu.externaltools.gnu-tools-for-stm32.11.3.rel1.win32_1.1.1.202309131626/tools/bin/../lib/gcc/arm-none-eabi/11.3.1/thumb/v7-m/nofp/crtbegin.o
                0x0000000008004d1c                PROVIDE (__init_array_end = .)
                0x0000000008004d1c                . = ALIGN (0x4)

.fini_array     0x0000000008004d1c        0x4
                0x0000000008004d1c                . = ALIGN (0x4)
                [!provide]                        PROVIDE (__fini_array_start = .)
 *(SORT_BY_NAME(.fini_array.*))
 *(.fini_array*)
 .fini_array    0x0000000008004d1c        0x4 C:/ST/STM32CubeIDE_1.13.2/STM32CubeIDE/plugins/com.st.stm32cube.ide.mcu.externaltools.gnu-tools-for-stm32.11.3.rel1.win32_1.1.1.202309131626/tools/bin/../lib/gcc/arm-none-eabi/11.3.1/thumb/v7-m/nofp/crtbegin.o
                [!provide]                        PROVIDE (__fini_array_end = .)
                0x0000000008004d20                . = ALIGN (0x4)
                0x0000000008004d20                _sidata = LOADADDR (.data)

.data           0x0000000020000000       0x60 load address 0x0000000008004d20
                0x0000000020000000                . = ALIGN (0x4)
                0x0000000020000000                _sdata = .
 *(.data)
 *(.data*)
 .data.TempSet  0x0000000020000000        0x1 ./Core/Src/main.o
                0x0000000020000000                TempSet
 .data.HumiSet  0x0000000020000001        0x1 ./Core/Src/main.o
                0x0000000020000001                HumiSet
 *fill*         0x0000000020000002        0x2 
 .data.SystemCoreClock
                0x0000000020000004        0x4 ./Core/Src/system_stm32f1xx.o
                0x0000000020000004                SystemCoreClock
 .data.uwTickPrio
                0x0000000020000008        0x4 ./Drivers/STM32F1xx_HAL_Driver/Src/stm32f1xx_hal.o
                0x0000000020000008                uwTickPrio
 .data.uwTickFreq
                0x000000002000000c        0x1 ./Drivers/STM32F1xx_HAL_Driver/Src/stm32f1xx_hal.o
                0x000000002000000c                uwTickFreq
 *fill*         0x000000002000000d        0x3 
 .data._impure_data
                0x0000000020000010       0x4c C:/ST/STM32CubeIDE_1.13.2/STM32CubeIDE/plugins/com.st.stm32cube.ide.mcu.externaltools.gnu-tools-for-stm32.11.3.rel1.win32_1.1.1.202309131626/tools/bin/../lib/gcc/arm-none-eabi/11.3.1/../../../../arm-none-eabi/lib/thumb/v7-m/nofp\libc_nano.a(libc_a-impure.o)
                0x0000000020000010                _impure_data
 .data._impure_ptr
                0x000000002000005c        0x4 C:/ST/STM32CubeIDE_1.13.2/STM32CubeIDE/plugins/com.st.stm32cube.ide.mcu.externaltools.gnu-tools-for-stm32.11.3.rel1.win32_1.1.1.202309131626/tools/bin/../lib/gcc/arm-none-eabi/11.3.1/../../../../arm-none-eabi/lib/thumb/v7-m/nofp\libc_nano.a(libc_a-impure.o)
                0x000000002000005c                _impure_ptr
 *(.RamFunc)
 *(.RamFunc*)
                0x0000000020000060                . = ALIGN (0x4)
                0x0000000020000060                _edata = .

.igot.plt       0x0000000020000060        0x0 load address 0x0000000008004d80
 .igot.plt      0x0000000020000060        0x0 C:/ST/STM32CubeIDE_1.13.2/STM32CubeIDE/plugins/com.st.stm32cube.ide.mcu.externaltools.gnu-tools-for-stm32.11.3.rel1.win32_1.1.1.202309131626/tools/bin/../lib/gcc/arm-none-eabi/11.3.1/thumb/v7-m/nofp/crtbegin.o
                0x0000000020000060                . = ALIGN (0x4)

.bss            0x0000000020000060      0x2f0 load address 0x0000000008004d80
                0x0000000020000060                _sbss = .
                0x0000000020000060                __bss_start__ = _sbss
 *(.bss)
 .bss           0x0000000020000060       0x1c C:/ST/STM32CubeIDE_1.13.2/STM32CubeIDE/plugins/com.st.stm32cube.ide.mcu.externaltools.gnu-tools-for-stm32.11.3.rel1.win32_1.1.1.202309131626/tools/bin/../lib/gcc/arm-none-eabi/11.3.1/thumb/v7-m/nofp/crtbegin.o
 *(.bss*)
 .bss.NhietDo   0x000000002000007c        0x2 ./Core/Src/main.o
                0x000000002000007c                NhietDo
 .bss.DoAm      0x000000002000007e        0x2 ./Core/Src/main.o
                0x000000002000007e                DoAm
 .bss.menu      0x0000000020000080        0x1 ./Core/Src/main.o
                0x0000000020000080                menu
 .bss.i         0x0000000020000081        0x1 ./Core/Src/main.o
                0x0000000020000081                i
 .bss.ex        0x0000000020000082        0x1 ./Core/Src/main.o
                0x0000000020000082                ex
 *fill*         0x0000000020000083        0x1 
 .bss.buffer1   0x0000000020000084        0x2 ./Core/Src/main.o
                0x0000000020000084                buffer1
 *fill*         0x0000000020000086        0x2 
 .bss.buffer2   0x0000000020000088        0x2 ./Core/Src/main.o
                0x0000000020000088                buffer2
 *fill*         0x000000002000008a        0x2 
 .bss.d         0x000000002000008c        0x8 ./Core/Src/main.o
                0x000000002000008c                d
 .bss.hspi2     0x0000000020000094       0x58 ./Core/Src/main.o
                0x0000000020000094                hspi2
 .bss.htim3     0x00000000200000ec       0x48 ./Core/Src/main.o
                0x00000000200000ec                htim3
 .bss.htim4     0x0000000020000134       0x48 ./Core/Src/main.o
                0x0000000020000134                htim4
 .bss.huart1    0x000000002000017c       0x48 ./Core/Src/main.o
                0x000000002000017c                huart1
 .bss.status    0x00000000200001c4        0x1 ./Core/Src/main.o
                0x00000000200001c4                status
 *fill*         0x00000000200001c5        0x3 
 .bss.str       0x00000000200001c8       0x10 ./Core/Src/main.o
                0x00000000200001c8                str
 .bss.sNum      0x00000000200001d8        0x5 ./Core/Src/main.o
                0x00000000200001d8                sNum
 *fill*         0x00000000200001dd        0x3 
 .bss.__sbrk_heap_end
                0x00000000200001e0        0x4 ./Core/Src/sysmem.o
 .bss.uwTick    0x00000000200001e4        0x4 ./Drivers/STM32F1xx_HAL_Driver/Src/stm32f1xx_hal.o
                0x00000000200001e4                uwTick
 .bss.pFlash    0x00000000200001e8       0x20 ./Drivers/STM32F1xx_HAL_Driver/Src/stm32f1xx_hal_flash.o
                0x00000000200001e8                pFlash
 .bss.__sf      0x0000000020000208      0x138 C:/ST/STM32CubeIDE_1.13.2/STM32CubeIDE/plugins/com.st.stm32cube.ide.mcu.externaltools.gnu-tools-for-stm32.11.3.rel1.win32_1.1.1.202309131626/tools/bin/../lib/gcc/arm-none-eabi/11.3.1/../../../../arm-none-eabi/lib/thumb/v7-m/nofp\libc_nano.a(libc_a-findfp.o)
                0x0000000020000208                __sf
 .bss.errno     0x0000000020000340        0x4 C:/ST/STM32CubeIDE_1.13.2/STM32CubeIDE/plugins/com.st.stm32cube.ide.mcu.externaltools.gnu-tools-for-stm32.11.3.rel1.win32_1.1.1.202309131626/tools/bin/../lib/gcc/arm-none-eabi/11.3.1/../../../../arm-none-eabi/lib/thumb/v7-m/nofp\libc_nano.a(libc_a-reent.o)
                0x0000000020000340                errno
 .bss.__lock___malloc_recursive_mutex
                0x0000000020000344        0x1 C:/ST/STM32CubeIDE_1.13.2/STM32CubeIDE/plugins/com.st.stm32cube.ide.mcu.externaltools.gnu-tools-for-stm32.11.3.rel1.win32_1.1.1.202309131626/tools/bin/../lib/gcc/arm-none-eabi/11.3.1/../../../../arm-none-eabi/lib/thumb/v7-m/nofp\libc_nano.a(libc_a-lock.o)
                0x0000000020000344                __lock___malloc_recursive_mutex
 *fill*         0x0000000020000345        0x3 
 .bss.__malloc_free_list
                0x0000000020000348        0x4 C:/ST/STM32CubeIDE_1.13.2/STM32CubeIDE/plugins/com.st.stm32cube.ide.mcu.externaltools.gnu-tools-for-stm32.11.3.rel1.win32_1.1.1.202309131626/tools/bin/../lib/gcc/arm-none-eabi/11.3.1/../../../../arm-none-eabi/lib/thumb/v7-m/nofp\libc_nano.a(libc_a-mallocr.o)
                0x0000000020000348                __malloc_free_list
 .bss.__malloc_sbrk_start
                0x000000002000034c        0x4 C:/ST/STM32CubeIDE_1.13.2/STM32CubeIDE/plugins/com.st.stm32cube.ide.mcu.externaltools.gnu-tools-for-stm32.11.3.rel1.win32_1.1.1.202309131626/tools/bin/../lib/gcc/arm-none-eabi/11.3.1/../../../../arm-none-eabi/lib/thumb/v7-m/nofp\libc_nano.a(libc_a-mallocr.o)
                0x000000002000034c                __malloc_sbrk_start
 *(COMMON)
                0x0000000020000350                . = ALIGN (0x4)
                0x0000000020000350                _ebss = .
                0x0000000020000350                __bss_end__ = _ebss

._user_heap_stack
                0x0000000020000350      0x600 load address 0x0000000008004d80
                0x0000000020000350                . = ALIGN (0x8)
                [!provide]                        PROVIDE (end = .)
                0x0000000020000350                PROVIDE (_end = .)
                0x0000000020000550                . = (. + _Min_Heap_Size)
 *fill*         0x0000000020000350      0x200 
                0x0000000020000950                . = (. + _Min_Stack_Size)
 *fill*         0x0000000020000550      0x400 
                0x0000000020000950                . = ALIGN (0x8)

/DISCARD/
 libc.a(*)
 libm.a(*)
 libgcc.a(*)

.ARM.attributes
                0x0000000000000000       0x29
 *(.ARM.attributes)
 .ARM.attributes
                0x0000000000000000       0x1d C:/ST/STM32CubeIDE_1.13.2/STM32CubeIDE/plugins/com.st.stm32cube.ide.mcu.externaltools.gnu-tools-for-stm32.11.3.rel1.win32_1.1.1.202309131626/tools/bin/../lib/gcc/arm-none-eabi/11.3.1/thumb/v7-m/nofp/crti.o
 .ARM.attributes
                0x000000000000001d       0x2d C:/ST/STM32CubeIDE_1.13.2/STM32CubeIDE/plugins/com.st.stm32cube.ide.mcu.externaltools.gnu-tools-for-stm32.11.3.rel1.win32_1.1.1.202309131626/tools/bin/../lib/gcc/arm-none-eabi/11.3.1/thumb/v7-m/nofp/crtbegin.o
 .ARM.attributes
                0x000000000000004a       0x2d ./Core/Src/DHT.o
 .ARM.attributes
                0x0000000000000077       0x2d ./Core/Src/Flash.o
 .ARM.attributes
                0x00000000000000a4       0x2d ./Core/Src/LCD20x4.o
 .ARM.attributes
                0x00000000000000d1       0x2d ./Core/Src/ShowScreen.o
 .ARM.attributes
                0x00000000000000fe       0x2d ./Core/Src/main.o
 .ARM.attributes
                0x000000000000012b       0x2d ./Core/Src/rc522.o
 .ARM.attributes
                0x0000000000000158       0x2d ./Core/Src/stm32f1xx_hal_msp.o
 .ARM.attributes
                0x0000000000000185       0x2d ./Core/Src/stm32f1xx_it.o
 .ARM.attributes
                0x00000000000001b2       0x2d ./Core/Src/sysmem.o
 .ARM.attributes
                0x00000000000001df       0x2d ./Core/Src/system_stm32f1xx.o
 .ARM.attributes
                0x000000000000020c       0x21 ./Core/Startup/startup_stm32f103c8tx.o
 .ARM.attributes
                0x000000000000022d       0x2d ./Drivers/STM32F1xx_HAL_Driver/Src/stm32f1xx_hal.o
 .ARM.attributes
                0x000000000000025a       0x2d ./Drivers/STM32F1xx_HAL_Driver/Src/stm32f1xx_hal_cortex.o
 .ARM.attributes
                0x0000000000000287       0x2d ./Drivers/STM32F1xx_HAL_Driver/Src/stm32f1xx_hal_flash.o
 .ARM.attributes
                0x00000000000002b4       0x2d ./Drivers/STM32F1xx_HAL_Driver/Src/stm32f1xx_hal_flash_ex.o
 .ARM.attributes
                0x00000000000002e1       0x2d ./Drivers/STM32F1xx_HAL_Driver/Src/stm32f1xx_hal_gpio.o
 .ARM.attributes
                0x000000000000030e       0x2d ./Drivers/STM32F1xx_HAL_Driver/Src/stm32f1xx_hal_rcc.o
 .ARM.attributes
                0x000000000000033b       0x2d ./Drivers/STM32F1xx_HAL_Driver/Src/stm32f1xx_hal_spi.o
 .ARM.attributes
                0x0000000000000368       0x2d ./Drivers/STM32F1xx_HAL_Driver/Src/stm32f1xx_hal_tim.o
 .ARM.attributes
                0x0000000000000395       0x2d ./Drivers/STM32F1xx_HAL_Driver/Src/stm32f1xx_hal_tim_ex.o
 .ARM.attributes
                0x00000000000003c2       0x2d ./Drivers/STM32F1xx_HAL_Driver/Src/stm32f1xx_hal_uart.o
 .ARM.attributes
                0x00000000000003ef       0x2d C:/ST/STM32CubeIDE_1.13.2/STM32CubeIDE/plugins/com.st.stm32cube.ide.mcu.externaltools.gnu-tools-for-stm32.11.3.rel1.win32_1.1.1.202309131626/tools/bin/../lib/gcc/arm-none-eabi/11.3.1/../../../../arm-none-eabi/lib/thumb/v7-m/nofp\libc_nano.a(libc_a-findfp.o)
 .ARM.attributes
                0x000000000000041c       0x2d C:/ST/STM32CubeIDE_1.13.2/STM32CubeIDE/plugins/com.st.stm32cube.ide.mcu.externaltools.gnu-tools-for-stm32.11.3.rel1.win32_1.1.1.202309131626/tools/bin/../lib/gcc/arm-none-eabi/11.3.1/../../../../arm-none-eabi/lib/thumb/v7-m/nofp\libc_nano.a(libc_a-sprintf.o)
 .ARM.attributes
                0x0000000000000449       0x2d C:/ST/STM32CubeIDE_1.13.2/STM32CubeIDE/plugins/com.st.stm32cube.ide.mcu.externaltools.gnu-tools-for-stm32.11.3.rel1.win32_1.1.1.202309131626/tools/bin/../lib/gcc/arm-none-eabi/11.3.1/../../../../arm-none-eabi/lib/thumb/v7-m/nofp\libc_nano.a(libc_a-memset.o)
 .ARM.attributes
                0x0000000000000476       0x2d C:/ST/STM32CubeIDE_1.13.2/STM32CubeIDE/plugins/com.st.stm32cube.ide.mcu.externaltools.gnu-tools-for-stm32.11.3.rel1.win32_1.1.1.202309131626/tools/bin/../lib/gcc/arm-none-eabi/11.3.1/../../../../arm-none-eabi/lib/thumb/v7-m/nofp\libc_nano.a(libc_a-reent.o)
 .ARM.attributes
                0x00000000000004a3       0x2d C:/ST/STM32CubeIDE_1.13.2/STM32CubeIDE/plugins/com.st.stm32cube.ide.mcu.externaltools.gnu-tools-for-stm32.11.3.rel1.win32_1.1.1.202309131626/tools/bin/../lib/gcc/arm-none-eabi/11.3.1/../../../../arm-none-eabi/lib/thumb/v7-m/nofp\libc_nano.a(libc_a-impure.o)
 .ARM.attributes
                0x00000000000004d0       0x2d C:/ST/STM32CubeIDE_1.13.2/STM32CubeIDE/plugins/com.st.stm32cube.ide.mcu.externaltools.gnu-tools-for-stm32.11.3.rel1.win32_1.1.1.202309131626/tools/bin/../lib/gcc/arm-none-eabi/11.3.1/../../../../arm-none-eabi/lib/thumb/v7-m/nofp\libc_nano.a(libc_a-errno.o)
 .ARM.attributes
                0x00000000000004fd       0x2d C:/ST/STM32CubeIDE_1.13.2/STM32CubeIDE/plugins/com.st.stm32cube.ide.mcu.externaltools.gnu-tools-for-stm32.11.3.rel1.win32_1.1.1.202309131626/tools/bin/../lib/gcc/arm-none-eabi/11.3.1/../../../../arm-none-eabi/lib/thumb/v7-m/nofp\libc_nano.a(libc_a-init.o)
 .ARM.attributes
                0x000000000000052a       0x2d C:/ST/STM32CubeIDE_1.13.2/STM32CubeIDE/plugins/com.st.stm32cube.ide.mcu.externaltools.gnu-tools-for-stm32.11.3.rel1.win32_1.1.1.202309131626/tools/bin/../lib/gcc/arm-none-eabi/11.3.1/../../../../arm-none-eabi/lib/thumb/v7-m/nofp\libc_nano.a(libc_a-lock.o)
 .ARM.attributes
                0x0000000000000557       0x2d C:/ST/STM32CubeIDE_1.13.2/STM32CubeIDE/plugins/com.st.stm32cube.ide.mcu.externaltools.gnu-tools-for-stm32.11.3.rel1.win32_1.1.1.202309131626/tools/bin/../lib/gcc/arm-none-eabi/11.3.1/../../../../arm-none-eabi/lib/thumb/v7-m/nofp\libc_nano.a(libc_a-freer.o)
 .ARM.attributes
                0x0000000000000584       0x2d C:/ST/STM32CubeIDE_1.13.2/STM32CubeIDE/plugins/com.st.stm32cube.ide.mcu.externaltools.gnu-tools-for-stm32.11.3.rel1.win32_1.1.1.202309131626/tools/bin/../lib/gcc/arm-none-eabi/11.3.1/../../../../arm-none-eabi/lib/thumb/v7-m/nofp\libc_nano.a(libc_a-mallocr.o)
 .ARM.attributes
                0x00000000000005b1       0x2d C:/ST/STM32CubeIDE_1.13.2/STM32CubeIDE/plugins/com.st.stm32cube.ide.mcu.externaltools.gnu-tools-for-stm32.11.3.rel1.win32_1.1.1.202309131626/tools/bin/../lib/gcc/arm-none-eabi/11.3.1/../../../../arm-none-eabi/lib/thumb/v7-m/nofp\libc_nano.a(libc_a-mlock.o)
 .ARM.attributes
                0x00000000000005de       0x2d C:/ST/STM32CubeIDE_1.13.2/STM32CubeIDE/plugins/com.st.stm32cube.ide.mcu.externaltools.gnu-tools-for-stm32.11.3.rel1.win32_1.1.1.202309131626/tools/bin/../lib/gcc/arm-none-eabi/11.3.1/../../../../arm-none-eabi/lib/thumb/v7-m/nofp\libc_nano.a(libc_a-nano-svfprintf.o)
 .ARM.attributes
                0x000000000000060b       0x2d C:/ST/STM32CubeIDE_1.13.2/STM32CubeIDE/plugins/com.st.stm32cube.ide.mcu.externaltools.gnu-tools-for-stm32.11.3.rel1.win32_1.1.1.202309131626/tools/bin/../lib/gcc/arm-none-eabi/11.3.1/../../../../arm-none-eabi/lib/thumb/v7-m/nofp\libc_nano.a(libc_a-nano-vfprintf_i.o)
 .ARM.attributes
                0x0000000000000638       0x2d C:/ST/STM32CubeIDE_1.13.2/STM32CubeIDE/plugins/com.st.stm32cube.ide.mcu.externaltools.gnu-tools-for-stm32.11.3.rel1.win32_1.1.1.202309131626/tools/bin/../lib/gcc/arm-none-eabi/11.3.1/../../../../arm-none-eabi/lib/thumb/v7-m/nofp\libc_nano.a(libc_a-memmove.o)
 .ARM.attributes
                0x0000000000000665       0x2d C:/ST/STM32CubeIDE_1.13.2/STM32CubeIDE/plugins/com.st.stm32cube.ide.mcu.externaltools.gnu-tools-for-stm32.11.3.rel1.win32_1.1.1.202309131626/tools/bin/../lib/gcc/arm-none-eabi/11.3.1/../../../../arm-none-eabi/lib/thumb/v7-m/nofp\libc_nano.a(libc_a-sbrkr.o)
 .ARM.attributes
                0x0000000000000692       0x2d C:/ST/STM32CubeIDE_1.13.2/STM32CubeIDE/plugins/com.st.stm32cube.ide.mcu.externaltools.gnu-tools-for-stm32.11.3.rel1.win32_1.1.1.202309131626/tools/bin/../lib/gcc/arm-none-eabi/11.3.1/../../../../arm-none-eabi/lib/thumb/v7-m/nofp\libc_nano.a(libc_a-memchr-stub.o)
 .ARM.attributes
                0x00000000000006bf       0x2d C:/ST/STM32CubeIDE_1.13.2/STM32CubeIDE/plugins/com.st.stm32cube.ide.mcu.externaltools.gnu-tools-for-stm32.11.3.rel1.win32_1.1.1.202309131626/tools/bin/../lib/gcc/arm-none-eabi/11.3.1/../../../../arm-none-eabi/lib/thumb/v7-m/nofp\libc_nano.a(libc_a-memcpy-stub.o)
 .ARM.attributes
                0x00000000000006ec       0x2d C:/ST/STM32CubeIDE_1.13.2/STM32CubeIDE/plugins/com.st.stm32cube.ide.mcu.externaltools.gnu-tools-for-stm32.11.3.rel1.win32_1.1.1.202309131626/tools/bin/../lib/gcc/arm-none-eabi/11.3.1/../../../../arm-none-eabi/lib/thumb/v7-m/nofp\libc_nano.a(libc_a-reallocr.o)
 .ARM.attributes
                0x0000000000000719       0x2d C:/ST/STM32CubeIDE_1.13.2/STM32CubeIDE/plugins/com.st.stm32cube.ide.mcu.externaltools.gnu-tools-for-stm32.11.3.rel1.win32_1.1.1.202309131626/tools/bin/../lib/gcc/arm-none-eabi/11.3.1/../../../../arm-none-eabi/lib/thumb/v7-m/nofp\libc_nano.a(libc_a-msizer.o)
 .ARM.attributes
                0x0000000000000746       0x1d C:/ST/STM32CubeIDE_1.13.2/STM32CubeIDE/plugins/com.st.stm32cube.ide.mcu.externaltools.gnu-tools-for-stm32.11.3.rel1.win32_1.1.1.202309131626/tools/bin/../lib/gcc/arm-none-eabi/11.3.1/thumb/v7-m/nofp\libgcc.a(_arm_mulsf3.o)
 .ARM.attributes
                0x0000000000000763       0x1d C:/ST/STM32CubeIDE_1.13.2/STM32CubeIDE/plugins/com.st.stm32cube.ide.mcu.externaltools.gnu-tools-for-stm32.11.3.rel1.win32_1.1.1.202309131626/tools/bin/../lib/gcc/arm-none-eabi/11.3.1/thumb/v7-m/nofp\libgcc.a(_arm_addsubsf3.o)
 .ARM.attributes
                0x0000000000000780       0x1d C:/ST/STM32CubeIDE_1.13.2/STM32CubeIDE/plugins/com.st.stm32cube.ide.mcu.externaltools.gnu-tools-for-stm32.11.3.rel1.win32_1.1.1.202309131626/tools/bin/../lib/gcc/arm-none-eabi/11.3.1/thumb/v7-m/nofp\libgcc.a(_arm_cmpsf2.o)
 .ARM.attributes
                0x000000000000079d       0x1d C:/ST/STM32CubeIDE_1.13.2/STM32CubeIDE/plugins/com.st.stm32cube.ide.mcu.externaltools.gnu-tools-for-stm32.11.3.rel1.win32_1.1.1.202309131626/tools/bin/../lib/gcc/arm-none-eabi/11.3.1/thumb/v7-m/nofp\libgcc.a(_arm_fixunssfsi.o)
 .ARM.attributes
                0x00000000000007ba       0x1d C:/ST/STM32CubeIDE_1.13.2/STM32CubeIDE/plugins/com.st.stm32cube.ide.mcu.externaltools.gnu-tools-for-stm32.11.3.rel1.win32_1.1.1.202309131626/tools/bin/../lib/gcc/arm-none-eabi/11.3.1/thumb/v7-m/nofp/crtn.o
OUTPUT(DHT22.elf elf32-littlearm)
LOAD linker stubs
LOAD C:/ST/STM32CubeIDE_1.13.2/STM32CubeIDE/plugins/com.st.stm32cube.ide.mcu.externaltools.gnu-tools-for-stm32.11.3.rel1.win32_1.1.1.202309131626/tools/bin/../lib/gcc/arm-none-eabi/11.3.1/../../../../arm-none-eabi/lib/thumb/v7-m/nofp\libc.a
LOAD C:/ST/STM32CubeIDE_1.13.2/STM32CubeIDE/plugins/com.st.stm32cube.ide.mcu.externaltools.gnu-tools-for-stm32.11.3.rel1.win32_1.1.1.202309131626/tools/bin/../lib/gcc/arm-none-eabi/11.3.1/../../../../arm-none-eabi/lib/thumb/v7-m/nofp\libm.a
LOAD C:/ST/STM32CubeIDE_1.13.2/STM32CubeIDE/plugins/com.st.stm32cube.ide.mcu.externaltools.gnu-tools-for-stm32.11.3.rel1.win32_1.1.1.202309131626/tools/bin/../lib/gcc/arm-none-eabi/11.3.1/thumb/v7-m/nofp\libgcc.a

.comment        0x0000000000000000       0x43
 .comment       0x0000000000000000       0x43 C:/ST/STM32CubeIDE_1.13.2/STM32CubeIDE/plugins/com.st.stm32cube.ide.mcu.externaltools.gnu-tools-for-stm32.11.3.rel1.win32_1.1.1.202309131626/tools/bin/../lib/gcc/arm-none-eabi/11.3.1/thumb/v7-m/nofp/crtbegin.o
                                         0x44 (size before relaxing)
 .comment       0x0000000000000043       0x44 ./Core/Src/DHT.o
 .comment       0x0000000000000043       0x44 ./Core/Src/Flash.o
 .comment       0x0000000000000043       0x44 ./Core/Src/LCD20x4.o
 .comment       0x0000000000000043       0x44 ./Core/Src/ShowScreen.o
 .comment       0x0000000000000043       0x44 ./Core/Src/main.o
 .comment       0x0000000000000043       0x44 ./Core/Src/rc522.o
 .comment       0x0000000000000043       0x44 ./Core/Src/stm32f1xx_hal_msp.o
 .comment       0x0000000000000043       0x44 ./Core/Src/stm32f1xx_it.o
 .comment       0x0000000000000043       0x44 ./Core/Src/sysmem.o
 .comment       0x0000000000000043       0x44 ./Core/Src/system_stm32f1xx.o
 .comment       0x0000000000000043       0x44 ./Drivers/STM32F1xx_HAL_Driver/Src/stm32f1xx_hal.o
 .comment       0x0000000000000043       0x44 ./Drivers/STM32F1xx_HAL_Driver/Src/stm32f1xx_hal_cortex.o
 .comment       0x0000000000000043       0x44 ./Drivers/STM32F1xx_HAL_Driver/Src/stm32f1xx_hal_flash.o
 .comment       0x0000000000000043       0x44 ./Drivers/STM32F1xx_HAL_Driver/Src/stm32f1xx_hal_flash_ex.o
 .comment       0x0000000000000043       0x44 ./Drivers/STM32F1xx_HAL_Driver/Src/stm32f1xx_hal_gpio.o
 .comment       0x0000000000000043       0x44 ./Drivers/STM32F1xx_HAL_Driver/Src/stm32f1xx_hal_rcc.o
 .comment       0x0000000000000043       0x44 ./Drivers/STM32F1xx_HAL_Driver/Src/stm32f1xx_hal_spi.o
 .comment       0x0000000000000043       0x44 ./Drivers/STM32F1xx_HAL_Driver/Src/stm32f1xx_hal_tim.o
 .comment       0x0000000000000043       0x44 ./Drivers/STM32F1xx_HAL_Driver/Src/stm32f1xx_hal_tim_ex.o
 .comment       0x0000000000000043       0x44 ./Drivers/STM32F1xx_HAL_Driver/Src/stm32f1xx_hal_uart.o

.debug_info     0x0000000000000000     0xed79
 .debug_info    0x0000000000000000      0x461 ./Core/Src/DHT.o
 .debug_info    0x0000000000000461      0x22b ./Core/Src/Flash.o
 .debug_info    0x000000000000068c      0x371 ./Core/Src/LCD20x4.o
 .debug_info    0x00000000000009fd      0x117 ./Core/Src/ShowScreen.o
 .debug_info    0x0000000000000b14     0x1528 ./Core/Src/main.o
 .debug_info    0x000000000000203c      0xbba ./Core/Src/rc522.o
 .debug_info    0x0000000000002bf6      0xec8 ./Core/Src/stm32f1xx_hal_msp.o
 .debug_info    0x0000000000003abe      0x113 ./Core/Src/stm32f1xx_it.o
 .debug_info    0x0000000000003bd1      0x168 ./Core/Src/sysmem.o
 .debug_info    0x0000000000003d39      0x222 ./Core/Src/system_stm32f1xx.o
 .debug_info    0x0000000000003f5b       0x23 ./Core/Startup/startup_stm32f103c8tx.o
 .debug_info    0x0000000000003f7e      0x704 ./Drivers/STM32F1xx_HAL_Driver/Src/stm32f1xx_hal.o
 .debug_info    0x0000000000004682      0xa87 ./Drivers/STM32F1xx_HAL_Driver/Src/stm32f1xx_hal_cortex.o
 .debug_info    0x0000000000005109      0x4f8 ./Drivers/STM32F1xx_HAL_Driver/Src/stm32f1xx_hal_flash.o
 .debug_info    0x0000000000005601      0x777 ./Drivers/STM32F1xx_HAL_Driver/Src/stm32f1xx_hal_flash_ex.o
 .debug_info    0x0000000000005d78      0x5ab ./Drivers/STM32F1xx_HAL_Driver/Src/stm32f1xx_hal_gpio.o
 .debug_info    0x0000000000006323      0x7d5 ./Drivers/STM32F1xx_HAL_Driver/Src/stm32f1xx_hal_rcc.o
 .debug_info    0x0000000000006af8     0x1503 ./Drivers/STM32F1xx_HAL_Driver/Src/stm32f1xx_hal_spi.o
 .debug_info    0x0000000000007ffb     0x293b ./Drivers/STM32F1xx_HAL_Driver/Src/stm32f1xx_hal_tim.o
 .debug_info    0x000000000000a936     0x149b ./Drivers/STM32F1xx_HAL_Driver/Src/stm32f1xx_hal_tim_ex.o
 .debug_info    0x000000000000bdd1     0x2fa8 ./Drivers/STM32F1xx_HAL_Driver/Src/stm32f1xx_hal_uart.o

.debug_abbrev   0x0000000000000000     0x282f
 .debug_abbrev  0x0000000000000000      0x1f9 ./Core/Src/DHT.o
 .debug_abbrev  0x00000000000001f9      0x12d ./Core/Src/Flash.o
 .debug_abbrev  0x0000000000000326      0x1e2 ./Core/Src/LCD20x4.o
 .debug_abbrev  0x0000000000000508       0x8e ./Core/Src/ShowScreen.o
 .debug_abbrev  0x0000000000000596      0x2f3 ./Core/Src/main.o
 .debug_abbrev  0x0000000000000889      0x29c ./Core/Src/rc522.o
 .debug_abbrev  0x0000000000000b25      0x208 ./Core/Src/stm32f1xx_hal_msp.o
 .debug_abbrev  0x0000000000000d2d       0x73 ./Core/Src/stm32f1xx_it.o
 .debug_abbrev  0x0000000000000da0       0xbc ./Core/Src/sysmem.o
 .debug_abbrev  0x0000000000000e5c      0x13f ./Core/Src/system_stm32f1xx.o
 .debug_abbrev  0x0000000000000f9b       0x12 ./Core/Startup/startup_stm32f103c8tx.o
 .debug_abbrev  0x0000000000000fad      0x201 ./Drivers/STM32F1xx_HAL_Driver/Src/stm32f1xx_hal.o
 .debug_abbrev  0x00000000000011ae      0x2f8 ./Drivers/STM32F1xx_HAL_Driver/Src/stm32f1xx_hal_cortex.o
 .debug_abbrev  0x00000000000014a6      0x250 ./Drivers/STM32F1xx_HAL_Driver/Src/stm32f1xx_hal_flash.o
 .debug_abbrev  0x00000000000016f6      0x247 ./Drivers/STM32F1xx_HAL_Driver/Src/stm32f1xx_hal_flash_ex.o
 .debug_abbrev  0x000000000000193d      0x1ca ./Drivers/STM32F1xx_HAL_Driver/Src/stm32f1xx_hal_gpio.o
 .debug_abbrev  0x0000000000001b07      0x2b3 ./Drivers/STM32F1xx_HAL_Driver/Src/stm32f1xx_hal_rcc.o
 .debug_abbrev  0x0000000000001dba      0x284 ./Drivers/STM32F1xx_HAL_Driver/Src/stm32f1xx_hal_spi.o
 .debug_abbrev  0x000000000000203e      0x277 ./Drivers/STM32F1xx_HAL_Driver/Src/stm32f1xx_hal_tim.o
 .debug_abbrev  0x00000000000022b5      0x282 ./Drivers/STM32F1xx_HAL_Driver/Src/stm32f1xx_hal_tim_ex.o
 .debug_abbrev  0x0000000000002537      0x2f8 ./Drivers/STM32F1xx_HAL_Driver/Src/stm32f1xx_hal_uart.o

.debug_aranges  0x0000000000000000     0x1018
 .debug_aranges
                0x0000000000000000       0x30 ./Core/Src/DHT.o
 .debug_aranges
                0x0000000000000030       0x30 ./Core/Src/Flash.o
 .debug_aranges
                0x0000000000000060       0x60 ./Core/Src/LCD20x4.o
 .debug_aranges
                0x00000000000000c0       0x20 ./Core/Src/ShowScreen.o
 .debug_aranges
                0x00000000000000e0       0x78 ./Core/Src/main.o
 .debug_aranges
                0x0000000000000158       0xa8 ./Core/Src/rc522.o
 .debug_aranges
                0x0000000000000200       0x50 ./Core/Src/stm32f1xx_hal_msp.o
 .debug_aranges
                0x0000000000000250       0x60 ./Core/Src/stm32f1xx_it.o
 .debug_aranges
                0x00000000000002b0       0x20 ./Core/Src/sysmem.o
 .debug_aranges
                0x00000000000002d0       0x28 ./Core/Src/system_stm32f1xx.o
 .debug_aranges
                0x00000000000002f8       0x28 ./Core/Startup/startup_stm32f103c8tx.o
 .debug_aranges
                0x0000000000000320       0xe0 ./Drivers/STM32F1xx_HAL_Driver/Src/stm32f1xx_hal.o
 .debug_aranges
                0x0000000000000400      0x100 ./Drivers/STM32F1xx_HAL_Driver/Src/stm32f1xx_hal_cortex.o
 .debug_aranges
                0x0000000000000500       0x88 ./Drivers/STM32F1xx_HAL_Driver/Src/stm32f1xx_hal_flash.o
 .debug_aranges
                0x0000000000000588       0x98 ./Drivers/STM32F1xx_HAL_Driver/Src/stm32f1xx_hal_flash_ex.o
 .debug_aranges
                0x0000000000000620       0x58 ./Drivers/STM32F1xx_HAL_Driver/Src/stm32f1xx_hal_gpio.o
 .debug_aranges
                0x0000000000000678       0x90 ./Drivers/STM32F1xx_HAL_Driver/Src/stm32f1xx_hal_rcc.o
 .debug_aranges
                0x0000000000000708      0x1d0 ./Drivers/STM32F1xx_HAL_Driver/Src/stm32f1xx_hal_spi.o
 .debug_aranges
                0x00000000000008d8      0x3d0 ./Drivers/STM32F1xx_HAL_Driver/Src/stm32f1xx_hal_tim.o
 .debug_aranges
                0x0000000000000ca8      0x168 ./Drivers/STM32F1xx_HAL_Driver/Src/stm32f1xx_hal_tim_ex.o
 .debug_aranges
                0x0000000000000e10      0x208 ./Drivers/STM32F1xx_HAL_Driver/Src/stm32f1xx_hal_uart.o

.debug_rnglists
                0x0000000000000000      0xc7d
 .debug_rnglists
                0x0000000000000000       0x20 ./Core/Src/DHT.o
 .debug_rnglists
                0x0000000000000020       0x1f ./Core/Src/Flash.o
 .debug_rnglists
                0x000000000000003f       0x44 ./Core/Src/LCD20x4.o
 .debug_rnglists
                0x0000000000000083       0x13 ./Core/Src/ShowScreen.o
 .debug_rnglists
                0x0000000000000096       0x5b ./Core/Src/main.o
 .debug_rnglists
                0x00000000000000f1       0x7e ./Core/Src/rc522.o
 .debug_rnglists
                0x000000000000016f       0x39 ./Core/Src/stm32f1xx_hal_msp.o
 .debug_rnglists
                0x00000000000001a8       0x43 ./Core/Src/stm32f1xx_it.o
 .debug_rnglists
                0x00000000000001eb       0x13 ./Core/Src/sysmem.o
 .debug_rnglists
                0x00000000000001fe       0x1a ./Core/Src/system_stm32f1xx.o
 .debug_rnglists
                0x0000000000000218       0x19 ./Core/Startup/startup_stm32f103c8tx.o
 .debug_rnglists
                0x0000000000000231       0xa3 ./Drivers/STM32F1xx_HAL_Driver/Src/stm32f1xx_hal.o
 .debug_rnglists
                0x00000000000002d4       0xbb ./Drivers/STM32F1xx_HAL_Driver/Src/stm32f1xx_hal_cortex.o
 .debug_rnglists
                0x000000000000038f       0x66 ./Drivers/STM32F1xx_HAL_Driver/Src/stm32f1xx_hal_flash.o
 .debug_rnglists
                0x00000000000003f5       0x74 ./Drivers/STM32F1xx_HAL_Driver/Src/stm32f1xx_hal_flash_ex.o
 .debug_rnglists
                0x0000000000000469       0x3f ./Drivers/STM32F1xx_HAL_Driver/Src/stm32f1xx_hal_gpio.o
 .debug_rnglists
                0x00000000000004a8       0x6c ./Drivers/STM32F1xx_HAL_Driver/Src/stm32f1xx_hal_rcc.o
 .debug_rnglists
                0x0000000000000514      0x16e ./Drivers/STM32F1xx_HAL_Driver/Src/stm32f1xx_hal_spi.o
 .debug_rnglists
                0x0000000000000682      0x31a ./Drivers/STM32F1xx_HAL_Driver/Src/stm32f1xx_hal_tim.o
 .debug_rnglists
                0x000000000000099c      0x125 ./Drivers/STM32F1xx_HAL_Driver/Src/stm32f1xx_hal_tim_ex.o
 .debug_rnglists
                0x0000000000000ac1      0x1bc ./Drivers/STM32F1xx_HAL_Driver/Src/stm32f1xx_hal_uart.o

.debug_macro    0x0000000000000000    0x18fbe
 .debug_macro   0x0000000000000000      0x1e3 ./Core/Src/DHT.o
 .debug_macro   0x00000000000001e3      0xa9c ./Core/Src/DHT.o
 .debug_macro   0x0000000000000c7f      0x221 ./Core/Src/DHT.o
 .debug_macro   0x0000000000000ea0       0x2e ./Core/Src/DHT.o
 .debug_macro   0x0000000000000ece       0x22 ./Core/Src/DHT.o
 .debug_macro   0x0000000000000ef0       0x22 ./Core/Src/DHT.o
 .debug_macro   0x0000000000000f12       0x8e ./Core/Src/DHT.o
 .debug_macro   0x0000000000000fa0       0x51 ./Core/Src/DHT.o
 .debug_macro   0x0000000000000ff1      0x103 ./Core/Src/DHT.o
 .debug_macro   0x00000000000010f4       0x6a ./Core/Src/DHT.o
 .debug_macro   0x000000000000115e      0x1df ./Core/Src/DHT.o
 .debug_macro   0x000000000000133d       0x1c ./Core/Src/DHT.o
 .debug_macro   0x0000000000001359       0x22 ./Core/Src/DHT.o
 .debug_macro   0x000000000000137b       0xbd ./Core/Src/DHT.o
 .debug_macro   0x0000000000001438      0xd23 ./Core/Src/DHT.o
 .debug_macro   0x000000000000215b     0xe09e ./Core/Src/DHT.o
 .debug_macro   0x00000000000101f9       0x6d ./Core/Src/DHT.o
 .debug_macro   0x0000000000010266     0x348d ./Core/Src/DHT.o
 .debug_macro   0x00000000000136f3      0x174 ./Core/Src/DHT.o
 .debug_macro   0x0000000000013867       0x5c ./Core/Src/DHT.o
 .debug_macro   0x00000000000138c3      0x5bc ./Core/Src/DHT.o
 .debug_macro   0x0000000000013e7f      0x289 ./Core/Src/DHT.o
 .debug_macro   0x0000000000014108      0x1cb ./Core/Src/DHT.o
 .debug_macro   0x00000000000142d3      0x114 ./Core/Src/DHT.o
 .debug_macro   0x00000000000143e7      0x1b2 ./Core/Src/DHT.o
 .debug_macro   0x0000000000014599       0x27 ./Core/Src/DHT.o
 .debug_macro   0x00000000000145c0      0x136 ./Core/Src/DHT.o
 .debug_macro   0x00000000000146f6      0x1bc ./Core/Src/DHT.o
 .debug_macro   0x00000000000148b2       0x34 ./Core/Src/DHT.o
 .debug_macro   0x00000000000148e6       0x3c ./Core/Src/DHT.o
 .debug_macro   0x0000000000014922       0x57 ./Core/Src/DHT.o
 .debug_macro   0x0000000000014979       0x87 ./Core/Src/DHT.o
 .debug_macro   0x0000000000014a00      0x240 ./Core/Src/DHT.o
 .debug_macro   0x0000000000014c40      0x140 ./Core/Src/DHT.o
 .debug_macro   0x0000000000014d80      0x217 ./Core/Src/DHT.o
 .debug_macro   0x0000000000014f97      0x8ed ./Core/Src/DHT.o
 .debug_macro   0x0000000000015884      0x28e ./Core/Src/DHT.o
 .debug_macro   0x0000000000015b12       0x83 ./Core/Src/DHT.o
 .debug_macro   0x0000000000015b95       0x34 ./Core/Src/DHT.o
 .debug_macro   0x0000000000015bc9       0x22 ./Core/Src/DHT.o
 .debug_macro   0x0000000000015beb      0x1c6 ./Core/Src/Flash.o
 .debug_macro   0x0000000000015db1      0x294 ./Core/Src/LCD20x4.o
 .debug_macro   0x0000000000016045       0x4c ./Core/Src/LCD20x4.o
 .debug_macro   0x0000000000016091       0x61 ./Core/Src/LCD20x4.o
 .debug_macro   0x00000000000160f2       0x24 ./Core/Src/LCD20x4.o
 .debug_macro   0x0000000000016116       0x43 ./Core/Src/LCD20x4.o
 .debug_macro   0x0000000000016159       0x34 ./Core/Src/LCD20x4.o
 .debug_macro   0x000000000001618d       0x16 ./Core/Src/LCD20x4.o
 .debug_macro   0x00000000000161a3       0x35 ./Core/Src/LCD20x4.o
 .debug_macro   0x00000000000161d8      0x369 ./Core/Src/LCD20x4.o
 .debug_macro   0x0000000000016541       0x10 ./Core/Src/LCD20x4.o
 .debug_macro   0x0000000000016551       0x16 ./Core/Src/LCD20x4.o
 .debug_macro   0x0000000000016567       0x43 ./Core/Src/LCD20x4.o
 .debug_macro   0x00000000000165aa       0x34 ./Core/Src/LCD20x4.o
 .debug_macro   0x00000000000165de       0x10 ./Core/Src/LCD20x4.o
 .debug_macro   0x00000000000165ee       0x58 ./Core/Src/LCD20x4.o
 .debug_macro   0x0000000000016646       0x8e ./Core/Src/LCD20x4.o
 .debug_macro   0x00000000000166d4       0x1c ./Core/Src/LCD20x4.o
 .debug_macro   0x00000000000166f0      0x177 ./Core/Src/LCD20x4.o
 .debug_macro   0x0000000000016867       0x16 ./Core/Src/LCD20x4.o
 .debug_macro   0x000000000001687d       0x16 ./Core/Src/LCD20x4.o
 .debug_macro   0x0000000000016893      0x147 ./Core/Src/LCD20x4.o
 .debug_macro   0x00000000000169da      0x1cf ./Core/Src/ShowScreen.o
 .debug_macro   0x0000000000016ba9       0x52 ./Core/Src/ShowScreen.o
 .debug_macro   0x0000000000016bfb      0x30c ./Core/Src/main.o
 .debug_macro   0x0000000000016f07       0x10 ./Core/Src/main.o
 .debug_macro   0x0000000000016f17       0x20 ./Core/Src/main.o
 .debug_macro   0x0000000000016f37       0x1c ./Core/Src/main.o
 .debug_macro   0x0000000000016f53       0x1c ./Core/Src/main.o
 .debug_macro   0x0000000000016f6f       0x22 ./Core/Src/main.o
 .debug_macro   0x0000000000016f91      0x244 ./Core/Src/main.o
 .debug_macro   0x00000000000171d5      0x1c2 ./Core/Src/rc522.o
 .debug_macro   0x0000000000017397      0x23e ./Core/Src/rc522.o
 .debug_macro   0x00000000000175d5      0x1bc ./Core/Src/stm32f1xx_hal_msp.o
 .debug_macro   0x0000000000017791      0x1c6 ./Core/Src/stm32f1xx_it.o
 .debug_macro   0x0000000000017957       0xff ./Core/Src/sysmem.o
 .debug_macro   0x0000000000017a56      0x23c ./Core/Src/sysmem.o
 .debug_macro   0x0000000000017c92      0x1ad ./Core/Src/system_stm32f1xx.o
 .debug_macro   0x0000000000017e3f      0x1d1 ./Drivers/STM32F1xx_HAL_Driver/Src/stm32f1xx_hal.o
 .debug_macro   0x0000000000018010      0x1ad ./Drivers/STM32F1xx_HAL_Driver/Src/stm32f1xx_hal_cortex.o
 .debug_macro   0x00000000000181bd      0x1ad ./Drivers/STM32F1xx_HAL_Driver/Src/stm32f1xx_hal_flash.o
 .debug_macro   0x000000000001836a      0x1bf ./Drivers/STM32F1xx_HAL_Driver/Src/stm32f1xx_hal_flash_ex.o
 .debug_macro   0x0000000000018529      0x218 ./Drivers/STM32F1xx_HAL_Driver/Src/stm32f1xx_hal_gpio.o
 .debug_macro   0x0000000000018741      0x1bf ./Drivers/STM32F1xx_HAL_Driver/Src/stm32f1xx_hal_rcc.o
 .debug_macro   0x0000000000018900      0x1b5 ./Drivers/STM32F1xx_HAL_Driver/Src/stm32f1xx_hal_spi.o
 .debug_macro   0x0000000000018ab5      0x1ae ./Drivers/STM32F1xx_HAL_Driver/Src/stm32f1xx_hal_tim.o
 .debug_macro   0x0000000000018c63      0x1ad ./Drivers/STM32F1xx_HAL_Driver/Src/stm32f1xx_hal_tim_ex.o
 .debug_macro   0x0000000000018e10      0x1ae ./Drivers/STM32F1xx_HAL_Driver/Src/stm32f1xx_hal_uart.o

.debug_line     0x0000000000000000    0x12f22
 .debug_line    0x0000000000000000      0x963 ./Core/Src/DHT.o
 .debug_line    0x0000000000000963      0x754 ./Core/Src/Flash.o
 .debug_line    0x00000000000010b7      0x97a ./Core/Src/LCD20x4.o
 .debug_line    0x0000000000001a31      0x733 ./Core/Src/ShowScreen.o
 .debug_line    0x0000000000002164      0xdac ./Core/Src/main.o
 .debug_line    0x0000000000002f10      0xc0f ./Core/Src/rc522.o
 .debug_line    0x0000000000003b1f      0x814 ./Core/Src/stm32f1xx_hal_msp.o
 .debug_line    0x0000000000004333      0x7d6 ./Core/Src/stm32f1xx_it.o
 .debug_line    0x0000000000004b09      0x579 ./Core/Src/sysmem.o
 .debug_line    0x0000000000005082      0x792 ./Core/Src/system_stm32f1xx.o
 .debug_line    0x0000000000005814       0x78 ./Core/Startup/startup_stm32f103c8tx.o
 .debug_line    0x000000000000588c      0x9bf ./Drivers/STM32F1xx_HAL_Driver/Src/stm32f1xx_hal.o
 .debug_line    0x000000000000624b      0xba7 ./Drivers/STM32F1xx_HAL_Driver/Src/stm32f1xx_hal_cortex.o
 .debug_line    0x0000000000006df2      0xa9c ./Drivers/STM32F1xx_HAL_Driver/Src/stm32f1xx_hal_flash.o
 .debug_line    0x000000000000788e      0xb77 ./Drivers/STM32F1xx_HAL_Driver/Src/stm32f1xx_hal_flash_ex.o
 .debug_line    0x0000000000008405      0xa58 ./Drivers/STM32F1xx_HAL_Driver/Src/stm32f1xx_hal_gpio.o
 .debug_line    0x0000000000008e5d      0xdc8 ./Drivers/STM32F1xx_HAL_Driver/Src/stm32f1xx_hal_rcc.o
 .debug_line    0x0000000000009c25     0x1c47 ./Drivers/STM32F1xx_HAL_Driver/Src/stm32f1xx_hal_spi.o
 .debug_line    0x000000000000b86c     0x34ab ./Drivers/STM32F1xx_HAL_Driver/Src/stm32f1xx_hal_tim.o
 .debug_line    0x000000000000ed17     0x191e ./Drivers/STM32F1xx_HAL_Driver/Src/stm32f1xx_hal_tim_ex.o
 .debug_line    0x0000000000010635     0x28ed ./Drivers/STM32F1xx_HAL_Driver/Src/stm32f1xx_hal_uart.o

.debug_str      0x0000000000000000    0x8d074
 .debug_str     0x0000000000000000    0x849ea ./Core/Src/DHT.o
                                      0x84d4e (size before relaxing)
 .debug_str     0x00000000000849ea      0x125 ./Core/Src/Flash.o
                                      0x84b48 (size before relaxing)
 .debug_str     0x0000000000084b0f     0x38d3 ./Core/Src/LCD20x4.o
                                      0x8831b (size before relaxing)
 .debug_str     0x00000000000883e2       0x41 ./Core/Src/ShowScreen.o
                                      0x84b9a (size before relaxing)
 .debug_str     0x0000000000088423     0x1280 ./Core/Src/main.o
                                      0x89877 (size before relaxing)
 .debug_str     0x00000000000896a3      0x1e0 ./Core/Src/rc522.o
                                      0x85659 (size before relaxing)
 .debug_str     0x0000000000089883       0xf1 ./Core/Src/stm32f1xx_hal_msp.o
                                      0x853e3 (size before relaxing)
 .debug_str     0x0000000000089974       0xc9 ./Core/Src/stm32f1xx_it.o
                                      0x84ab5 (size before relaxing)
 .debug_str     0x0000000000089a3d      0x4dc ./Core/Src/sysmem.o
                                       0x6002 (size before relaxing)
 .debug_str     0x0000000000089f19       0x7e ./Core/Src/system_stm32f1xx.o
                                      0x84a47 (size before relaxing)
 .debug_str     0x0000000000089f97       0x34 ./Core/Startup/startup_stm32f103c8tx.o
                                         0x6c (size before relaxing)
 .debug_str     0x0000000000089fcb      0x5f1 ./Drivers/STM32F1xx_HAL_Driver/Src/stm32f1xx_hal.o
                                      0x8517a (size before relaxing)
 .debug_str     0x000000000008a5bc      0x2bb ./Drivers/STM32F1xx_HAL_Driver/Src/stm32f1xx_hal_cortex.o
                                      0x850c6 (size before relaxing)
 .debug_str     0x000000000008a877      0x259 ./Drivers/STM32F1xx_HAL_Driver/Src/stm32f1xx_hal_flash.o
                                      0x84d22 (size before relaxing)
 .debug_str     0x000000000008aad0      0x306 ./Drivers/STM32F1xx_HAL_Driver/Src/stm32f1xx_hal_flash_ex.o
                                      0x84ed0 (size before relaxing)
 .debug_str     0x000000000008add6      0x2bd ./Drivers/STM32F1xx_HAL_Driver/Src/stm32f1xx_hal_gpio.o
                                      0x84dcd (size before relaxing)
 .debug_str     0x000000000008b093      0x229 ./Drivers/STM32F1xx_HAL_Driver/Src/stm32f1xx_hal_rcc.o
                                      0x84e76 (size before relaxing)
 .debug_str     0x000000000008b2bc      0x554 ./Drivers/STM32F1xx_HAL_Driver/Src/stm32f1xx_hal_spi.o
                                      0x85373 (size before relaxing)
 .debug_str     0x000000000008b810      0xdcf ./Drivers/STM32F1xx_HAL_Driver/Src/stm32f1xx_hal_tim.o
                                      0x85e68 (size before relaxing)
 .debug_str     0x000000000008c5df      0x493 ./Drivers/STM32F1xx_HAL_Driver/Src/stm32f1xx_hal_tim_ex.o
                                      0x85684 (size before relaxing)
 .debug_str     0x000000000008ca72      0x602 ./Drivers/STM32F1xx_HAL_Driver/Src/stm32f1xx_hal_uart.o
                                      0x854e7 (size before relaxing)

.debug_frame    0x0000000000000000     0x48b4
 .debug_frame   0x0000000000000000       0x80 ./Core/Src/DHT.o
 .debug_frame   0x0000000000000080       0x84 ./Core/Src/Flash.o
 .debug_frame   0x0000000000000104      0x144 ./Core/Src/LCD20x4.o
 .debug_frame   0x0000000000000248       0x34 ./Core/Src/ShowScreen.o
 .debug_frame   0x000000000000027c      0x180 ./Core/Src/main.o
 .debug_frame   0x00000000000003fc      0x288 ./Core/Src/rc522.o
 .debug_frame   0x0000000000000684      0x118 ./Core/Src/stm32f1xx_hal_msp.o
 .debug_frame   0x000000000000079c      0x104 ./Core/Src/stm32f1xx_it.o
 .debug_frame   0x00000000000008a0       0x34 ./Core/Src/sysmem.o
 .debug_frame   0x00000000000008d4       0x58 ./Core/Src/system_stm32f1xx.o
 .debug_frame   0x000000000000092c      0x334 ./Drivers/STM32F1xx_HAL_Driver/Src/stm32f1xx_hal.o
 .debug_frame   0x0000000000000c60      0x428 ./Drivers/STM32F1xx_HAL_Driver/Src/stm32f1xx_hal_cortex.o
 .debug_frame   0x0000000000001088      0x20c ./Drivers/STM32F1xx_HAL_Driver/Src/stm32f1xx_hal_flash.o
 .debug_frame   0x0000000000001294      0x258 ./Drivers/STM32F1xx_HAL_Driver/Src/stm32f1xx_hal_flash_ex.o
 .debug_frame   0x00000000000014ec      0x14c ./Drivers/STM32F1xx_HAL_Driver/Src/stm32f1xx_hal_gpio.o
 .debug_frame   0x0000000000001638      0x218 ./Drivers/STM32F1xx_HAL_Driver/Src/stm32f1xx_hal_rcc.o
 .debug_frame   0x0000000000001850      0x824 ./Drivers/STM32F1xx_HAL_Driver/Src/stm32f1xx_hal_spi.o
 .debug_frame   0x0000000000002074     0x11bc ./Drivers/STM32F1xx_HAL_Driver/Src/stm32f1xx_hal_tim.o
 .debug_frame   0x0000000000003230      0x638 ./Drivers/STM32F1xx_HAL_Driver/Src/stm32f1xx_hal_tim_ex.o
 .debug_frame   0x0000000000003868      0x944 ./Drivers/STM32F1xx_HAL_Driver/Src/stm32f1xx_hal_uart.o
 .debug_frame   0x00000000000041ac      0x144 C:/ST/STM32CubeIDE_1.13.2/STM32CubeIDE/plugins/com.st.stm32cube.ide.mcu.externaltools.gnu-tools-for-stm32.11.3.rel1.win32_1.1.1.202309131626/tools/bin/../lib/gcc/arm-none-eabi/11.3.1/../../../../arm-none-eabi/lib/thumb/v7-m/nofp\libc_nano.a(libc_a-findfp.o)
 .debug_frame   0x00000000000042f0       0x6c C:/ST/STM32CubeIDE_1.13.2/STM32CubeIDE/plugins/com.st.stm32cube.ide.mcu.externaltools.gnu-tools-for-stm32.11.3.rel1.win32_1.1.1.202309131626/tools/bin/../lib/gcc/arm-none-eabi/11.3.1/../../../../arm-none-eabi/lib/thumb/v7-m/nofp\libc_nano.a(libc_a-sprintf.o)
 .debug_frame   0x000000000000435c       0x20 C:/ST/STM32CubeIDE_1.13.2/STM32CubeIDE/plugins/com.st.stm32cube.ide.mcu.externaltools.gnu-tools-for-stm32.11.3.rel1.win32_1.1.1.202309131626/tools/bin/../lib/gcc/arm-none-eabi/11.3.1/../../../../arm-none-eabi/lib/thumb/v7-m/nofp\libc_nano.a(libc_a-memset.o)
 .debug_frame   0x000000000000437c       0x38 C:/ST/STM32CubeIDE_1.13.2/STM32CubeIDE/plugins/com.st.stm32cube.ide.mcu.externaltools.gnu-tools-for-stm32.11.3.rel1.win32_1.1.1.202309131626/tools/bin/../lib/gcc/arm-none-eabi/11.3.1/../../../../arm-none-eabi/lib/thumb/v7-m/nofp\libc_nano.a(libc_a-reent.o)
 .debug_frame   0x00000000000043b4       0x20 C:/ST/STM32CubeIDE_1.13.2/STM32CubeIDE/plugins/com.st.stm32cube.ide.mcu.externaltools.gnu-tools-for-stm32.11.3.rel1.win32_1.1.1.202309131626/tools/bin/../lib/gcc/arm-none-eabi/11.3.1/../../../../arm-none-eabi/lib/thumb/v7-m/nofp\libc_nano.a(libc_a-errno.o)
 .debug_frame   0x00000000000043d4       0x2c C:/ST/STM32CubeIDE_1.13.2/STM32CubeIDE/plugins/com.st.stm32cube.ide.mcu.externaltools.gnu-tools-for-stm32.11.3.rel1.win32_1.1.1.202309131626/tools/bin/../lib/gcc/arm-none-eabi/11.3.1/../../../../arm-none-eabi/lib/thumb/v7-m/nofp\libc_nano.a(libc_a-init.o)
 .debug_frame   0x0000000000004400       0xb0 C:/ST/STM32CubeIDE_1.13.2/STM32CubeIDE/plugins/com.st.stm32cube.ide.mcu.externaltools.gnu-tools-for-stm32.11.3.rel1.win32_1.1.1.202309131626/tools/bin/../lib/gcc/arm-none-eabi/11.3.1/../../../../arm-none-eabi/lib/thumb/v7-m/nofp\libc_nano.a(libc_a-lock.o)
 .debug_frame   0x00000000000044b0       0x38 C:/ST/STM32CubeIDE_1.13.2/STM32CubeIDE/plugins/com.st.stm32cube.ide.mcu.externaltools.gnu-tools-for-stm32.11.3.rel1.win32_1.1.1.202309131626/tools/bin/../lib/gcc/arm-none-eabi/11.3.1/../../../../arm-none-eabi/lib/thumb/v7-m/nofp\libc_nano.a(libc_a-freer.o)
 .debug_frame   0x00000000000044e8       0x50 C:/ST/STM32CubeIDE_1.13.2/STM32CubeIDE/plugins/com.st.stm32cube.ide.mcu.externaltools.gnu-tools-for-stm32.11.3.rel1.win32_1.1.1.202309131626/tools/bin/../lib/gcc/arm-none-eabi/11.3.1/../../../../arm-none-eabi/lib/thumb/v7-m/nofp\libc_nano.a(libc_a-mallocr.o)
 .debug_frame   0x0000000000004538       0x30 C:/ST/STM32CubeIDE_1.13.2/STM32CubeIDE/plugins/com.st.stm32cube.ide.mcu.externaltools.gnu-tools-for-stm32.11.3.rel1.win32_1.1.1.202309131626/tools/bin/../lib/gcc/arm-none-eabi/11.3.1/../../../../arm-none-eabi/lib/thumb/v7-m/nofp\libc_nano.a(libc_a-mlock.o)
 .debug_frame   0x0000000000004568       0x90 C:/ST/STM32CubeIDE_1.13.2/STM32CubeIDE/plugins/com.st.stm32cube.ide.mcu.externaltools.gnu-tools-for-stm32.11.3.rel1.win32_1.1.1.202309131626/tools/bin/../lib/gcc/arm-none-eabi/11.3.1/../../../../arm-none-eabi/lib/thumb/v7-m/nofp\libc_nano.a(libc_a-nano-svfprintf.o)
 .debug_frame   0x00000000000045f8       0x60 C:/ST/STM32CubeIDE_1.13.2/STM32CubeIDE/plugins/com.st.stm32cube.ide.mcu.externaltools.gnu-tools-for-stm32.11.3.rel1.win32_1.1.1.202309131626/tools/bin/../lib/gcc/arm-none-eabi/11.3.1/../../../../arm-none-eabi/lib/thumb/v7-m/nofp\libc_nano.a(libc_a-nano-vfprintf_i.o)
 .debug_frame   0x0000000000004658       0x28 C:/ST/STM32CubeIDE_1.13.2/STM32CubeIDE/plugins/com.st.stm32cube.ide.mcu.externaltools.gnu-tools-for-stm32.11.3.rel1.win32_1.1.1.202309131626/tools/bin/../lib/gcc/arm-none-eabi/11.3.1/../../../../arm-none-eabi/lib/thumb/v7-m/nofp\libc_nano.a(libc_a-memmove.o)
 .debug_frame   0x0000000000004680       0x2c C:/ST/STM32CubeIDE_1.13.2/STM32CubeIDE/plugins/com.st.stm32cube.ide.mcu.externaltools.gnu-tools-for-stm32.11.3.rel1.win32_1.1.1.202309131626/tools/bin/../lib/gcc/arm-none-eabi/11.3.1/../../../../arm-none-eabi/lib/thumb/v7-m/nofp\libc_nano.a(libc_a-sbrkr.o)
 .debug_frame   0x00000000000046ac       0x28 C:/ST/STM32CubeIDE_1.13.2/STM32CubeIDE/plugins/com.st.stm32cube.ide.mcu.externaltools.gnu-tools-for-stm32.11.3.rel1.win32_1.1.1.202309131626/tools/bin/../lib/gcc/arm-none-eabi/11.3.1/../../../../arm-none-eabi/lib/thumb/v7-m/nofp\libc_nano.a(libc_a-memchr-stub.o)
 .debug_frame   0x00000000000046d4       0x28 C:/ST/STM32CubeIDE_1.13.2/STM32CubeIDE/plugins/com.st.stm32cube.ide.mcu.externaltools.gnu-tools-for-stm32.11.3.rel1.win32_1.1.1.202309131626/tools/bin/../lib/gcc/arm-none-eabi/11.3.1/../../../../arm-none-eabi/lib/thumb/v7-m/nofp\libc_nano.a(libc_a-memcpy-stub.o)
 .debug_frame   0x00000000000046fc       0x3c C:/ST/STM32CubeIDE_1.13.2/STM32CubeIDE/plugins/com.st.stm32cube.ide.mcu.externaltools.gnu-tools-for-stm32.11.3.rel1.win32_1.1.1.202309131626/tools/bin/../lib/gcc/arm-none-eabi/11.3.1/../../../../arm-none-eabi/lib/thumb/v7-m/nofp\libc_nano.a(libc_a-reallocr.o)
 .debug_frame   0x0000000000004738       0x20 C:/ST/STM32CubeIDE_1.13.2/STM32CubeIDE/plugins/com.st.stm32cube.ide.mcu.externaltools.gnu-tools-for-stm32.11.3.rel1.win32_1.1.1.202309131626/tools/bin/../lib/gcc/arm-none-eabi/11.3.1/../../../../arm-none-eabi/lib/thumb/v7-m/nofp\libc_nano.a(libc_a-msizer.o)
 .debug_frame   0x0000000000004758       0x24 C:/ST/STM32CubeIDE_1.13.2/STM32CubeIDE/plugins/com.st.stm32cube.ide.mcu.externaltools.gnu-tools-for-stm32.11.3.rel1.win32_1.1.1.202309131626/tools/bin/../lib/gcc/arm-none-eabi/11.3.1/thumb/v7-m/nofp\libgcc.a(_arm_mulsf3.o)
 .debug_frame   0x000000000000477c       0x4c C:/ST/STM32CubeIDE_1.13.2/STM32CubeIDE/plugins/com.st.stm32cube.ide.mcu.externaltools.gnu-tools-for-stm32.11.3.rel1.win32_1.1.1.202309131626/tools/bin/../lib/gcc/arm-none-eabi/11.3.1/thumb/v7-m/nofp\libgcc.a(_arm_addsubsf3.o)
 .debug_frame   0x00000000000047c8       0xc8 C:/ST/STM32CubeIDE_1.13.2/STM32CubeIDE/plugins/com.st.stm32cube.ide.mcu.externaltools.gnu-tools-for-stm32.11.3.rel1.win32_1.1.1.202309131626/tools/bin/../lib/gcc/arm-none-eabi/11.3.1/thumb/v7-m/nofp\libgcc.a(_arm_cmpsf2.o)
 .debug_frame   0x0000000000004890       0x24 C:/ST/STM32CubeIDE_1.13.2/STM32CubeIDE/plugins/com.st.stm32cube.ide.mcu.externaltools.gnu-tools-for-stm32.11.3.rel1.win32_1.1.1.202309131626/tools/bin/../lib/gcc/arm-none-eabi/11.3.1/thumb/v7-m/nofp\libgcc.a(_arm_fixunssfsi.o)

.debug_line_str
                0x0000000000000000       0x60
 .debug_line_str
                0x0000000000000000       0x60 ./Core/Startup/startup_stm32f103c8tx.o
                                         0x78 (size before relaxing)