../Core/Src/main.c:87:6:Normal	8	static
../Core/Src/main.c:92:6:Warning	8	static
../Core/Src/main.c:97:6:PressSound	8	static
../Core/Src/main.c:105:6:Mode	8	static
../Core/Src/main.c:256:5:main	48	static
../Core/Src/main.c:350:6:SystemClock_Config	72	static
../Core/Src/main.c:390:13:MX_SPI2_Init	8	static
../Core/Src/main.c:428:13:MX_TIM3_Init	32	static
../Core/Src/main.c:473:13:MX_TIM4_Init	32	static
../Core/Src/main.c:518:13:MX_USART1_UART_Init	8	static
../Core/Src/main.c:551:13:MX_GPIO_Init	40	static
../Core/Src/main.c:623:6:Error_Handler	4	static,ignoring_inline_asm
