../Core/Src/rc522.c:19:9:RC522_SPI_Transfer	32	static
../Core/Src/rc522.c:33:6:Write_MFRC522	16	static
../Core/Src/rc522.c:57:7:Read_MFRC522	24	static
../Core/Src/rc522.c:86:6:SetBitMask	24	static
../Core/Src/rc522.c:99:6:ClearBitMask	24	static
../Core/Src/rc522.c:112:6:AntennaOn	8	static
../Core/Src/rc522.c:125:6:AntennaOff	8	static
../Core/Src/rc522.c:136:6:MFRC522_Reset	8	static
../Core/Src/rc522.c:147:6:MFRC522_Init	8	static
../Core/Src/rc522.c:175:7:MFRC522_ToCard	48	static
../Core/Src/rc522.c:298:7:MFRC522_Request	32	static
../Core/Src/rc522.c:322:7:MFRC522_Anticoll	32	static
../Core/Src/rc522.c:357:6:CalulateCRC	40	static
../Core/Src/rc522.c:391:7:MFRC522_SelectTag	48	static
../Core/Src/rc522.c:433:7:MFRC522_Auth	56	static
../Core/Src/rc522.c:467:7:MFRC522_Read	32	static
../Core/Src/rc522.c:491:7:MFRC522_Write	56	static
../Core/Src/rc522.c:532:6:MFRC522_Halt	24	static
